Build target 'device'
linking...
Program Size: Code=39060 RO-data=3452 RW-data=180 ZI-data=12700  
FromELF: creating hex file...
".\devi.axf" - 0 Errors, 0 Warning(s).
Rebuild target 'device'
*** Error: cannot write Scatter-file '.\obj\.hex\devi.sct'
error - cannot create command input file '.\obj\.hex\devi.lnp'
Target not created
Build target 'device'
*** Error: cannot write Scatter-file '.\obj\.hex\devi.sct'
error - cannot create command input file '.\obj\.hex\devi.lnp'
Target not created
Build target 'device'
*** Error: cannot write Scatter-file '.\obj\.hex\devi.sct'
error - cannot create command input file '.\obj\.hex\devi.lnp'
Target not created
Build target 'device'
*** Error: cannot write Scatter-file '.\obj\.hex\devi.sct'
error - cannot create command input file '.\obj\.hex\devi.lnp'
Target not created
Rebuild target 'device'
*** Error: cannot write Scatter-file '.\obj\.hex\devi.sct'
error - cannot create command input file '.\obj\.hex\devi.lnp'
Target not created
Build target 'device'
assembling Startup.s...
compiling mainFile.cpp...
.\code\Encoder\AbstractEncoder.h(12): warning:  #1-D: last line of file ends without a newline
code\mainFile.cpp(106): warning:  #177-D: variable "curr" was declared but never referenced
code\mainFile.cpp(314): warning:  #1-D: last line of file ends without a newline
compiling Delay.cpp...
compiling uC48.cpp...
.\code\uC.h(274): warning:  #1300-D: SetDataSize inherits implicit virtual
.\code\uC.h(275): warning:  #1300-D: Setfronts inherits implicit virtual
.\code\uC.h(276): warning:  #1300-D: SetDiv inherits implicit virtual
.\code\uC.h(277): warning:  #1300-D: EnableInterrups inherits implicit virtual
.\code\uC.h(278): warning:  #1300-D: DisableInterrups inherits implicit virtual
.\code\uC.h(279): warning:  #1300-D: Enable inherits implicit virtual
.\code\uC.h(280): warning:  #1300-D: Disable inherits implicit virtual
.\code\uC.h(281): warning:  #1300-D: FastWr inherits implicit virtual
.\code\uC.h(282): warning:  #1300-D: FastRd inherits implicit virtual
.\code\uC.h(283): warning:  #1300-D: FastRW inherits implicit virtual
.\code\uC.h(284): warning:  #1300-D: Wait inherits implicit virtual
.\code\uC.h(285): warning:  #1300-D: Write inherits implicit virtual
.\code\uC.h(286): warning:  #1300-D: Read inherits implicit virtual
.\code\uC.h(287): warning:  #1300-D: RW inherits implicit virtual
.\code\uC.h(288): warning:  #1300-D: GetStatus inherits implicit virtual
.\code\uC.h(289): warning:  #1300-D: TxIsEmpty inherits implicit virtual
.\code\uC.h(290): warning:  #1300-D: Start inherits implicit virtual
.\code\uC.h(300): warning:  #1300-D: SetDataSize inherits implicit virtual
.\code\uC.h(301): warning:  #1300-D: Setfronts inherits implicit virtual
.\code\uC.h(302): warning:  #1300-D: SetDiv inherits implicit virtual
.\code\uC.h(303): warning:  #1300-D: EnableInterrups inherits implicit virtual
.\code\uC.h(304): warning:  #1300-D: DisableInterrups inherits implicit virtual
.\code\uC.h(305): warning:  #1300-D: Enable inherits implicit virtual
.\code\uC.h(306): warning:  #1300-D: Disable inherits implicit virtual
.\code\uC.h(307): warning:  #1300-D: FastWr inherits implicit virtual
.\code\uC.h(308): warning:  #1300-D: FastRd inherits implicit virtual
.\code\uC.h(309): warning:  #1300-D: FastRW inherits implicit virtual
.\code\uC.h(310): warning:  #1300-D: Wait inherits implicit virtual
.\code\uC.h(311): warning:  #1300-D: Write inherits implicit virtual
.\code\uC.h(312): warning:  #1300-D: Read inherits implicit virtual
.\code\uC.h(313): warning:  #1300-D: RW inherits implicit virtual
.\code\uC.h(314): warning:  #1300-D: GetStatus inherits implicit virtual
.\code\uC.h(315): warning:  #1300-D: TxIsEmpty inherits implicit virtual
.\code\uC.h(316): warning:  #1300-D: Start inherits implicit virtual
code\uC48.cpp(1040): warning:  #111-D: statement is unreachable
compiling BoardLdCtl4.cpp...
.\code\Encoder\AbstractEncoder.h(12): warning:  #1-D: last line of file ends without a newline
.\code\uc.h(274): warning:  #1300-D: SetDataSize inherits implicit virtual
.\code\uc.h(275): warning:  #1300-D: Setfronts inherits implicit virtual
.\code\uc.h(276): warning:  #1300-D: SetDiv inherits implicit virtual
.\code\uc.h(277): warning:  #1300-D: EnableInterrups inherits implicit virtual
.\code\uc.h(278): warning:  #1300-D: DisableInterrups inherits implicit virtual
.\code\uc.h(279): warning:  #1300-D: Enable inherits implicit virtual
.\code\uc.h(280): warning:  #1300-D: Disable inherits implicit virtual
.\code\uc.h(281): warning:  #1300-D: FastWr inherits implicit virtual
.\code\uc.h(282): warning:  #1300-D: FastRd inherits implicit virtual
.\code\uc.h(283): warning:  #1300-D: FastRW inherits implicit virtual
.\code\uc.h(284): warning:  #1300-D: Wait inherits implicit virtual
.\code\uc.h(285): warning:  #1300-D: Write inherits implicit virtual
.\code\uc.h(286): warning:  #1300-D: Read inherits implicit virtual
.\code\uc.h(287): warning:  #1300-D: RW inherits implicit virtual
.\code\uc.h(288): warning:  #1300-D: GetStatus inherits implicit virtual
.\code\uc.h(289): warning:  #1300-D: TxIsEmpty inherits implicit virtual
.\code\uc.h(290): warning:  #1300-D: Start inherits implicit virtual
.\code\uc.h(300): warning:  #1300-D: SetDataSize inherits implicit virtual
.\code\uc.h(301): warning:  #1300-D: Setfronts inherits implicit virtual
.\code\uc.h(302): warning:  #1300-D: SetDiv inherits implicit virtual
.\code\uc.h(303): warning:  #1300-D: EnableInterrups inherits implicit virtual
.\code\uc.h(304): warning:  #1300-D: DisableInterrups inherits implicit virtual
.\code\uc.h(305): warning:  #1300-D: Enable inherits implicit virtual
.\code\uc.h(306): warning:  #1300-D: Disable inherits implicit virtual
.\code\uc.h(307): warning:  #1300-D: FastWr inherits implicit virtual
.\code\uc.h(308): warning:  #1300-D: FastRd inherits implicit virtual
.\code\uc.h(309): warning:  #1300-D: FastRW inherits implicit virtual
.\code\uc.h(310): warning:  #1300-D: Wait inherits implicit virtual
.\code\uc.h(311): warning:  #1300-D: Write inherits implicit virtual
.\code\uc.h(312): warning:  #1300-D: Read inherits implicit virtual
.\code\uc.h(313): warning:  #1300-D: RW inherits implicit virtual
.\code\uc.h(314): warning:  #1300-D: GetStatus inherits implicit virtual
.\code\uc.h(315): warning:  #1300-D: TxIsEmpty inherits implicit virtual
.\code\uc.h(316): warning:  #1300-D: Start inherits implicit virtual
.\code\Temperature\TMetr.h(13): warning:  #1300-D: IntEvent inherits implicit virtual
.\code\Temperature\TMetr.h(14): warning:  #1300-D: GetT inherits implicit virtual
.\code\SSPDevices\SerialIO.h(13): warning:  #1300-D: GetState inherits implicit virtual
.\code\SSPDevices\SerialIO.h(14): warning:  #1300-D: SetState inherits implicit virtual
.\code\SSPDevices\SerialIO.h(99): warning:  #1300-D: BuffWr inherits implicit virtual
.\code\SSPDevices\SerialIO.h(100): warning:  #1300-D: Set inherits implicit virtual
.\code\UART\UARTs.h(13): warning:  #1300-D: GetMessageSize inherits implicit virtual
.\code\UART\UARTs.h(14): warning:  #1300-D: Update inherits implicit virtual
.\code\UART\UARTs.h(15): warning:  #1300-D: GetMessage inherits implicit virtual
.\code\UART\UARTs.h(16): warning:  #1300-D: SendMessage inherits implicit virtual
code\BoardLdCtl4.cpp(393): warning:  #1300-D: ~HIfc inherits implicit virtual
compiling ExchangeBuffers.cpp...
compiling UARTs.cpp...
.\code\UART\UARTs.h(13): warning:  #1300-D: GetMessageSize inherits implicit virtual
.\code\UART\UARTs.h(14): warning:  #1300-D: Update inherits implicit virtual
.\code\UART\UARTs.h(15): warning:  #1300-D: GetMessage inherits implicit virtual
.\code\UART\UARTs.h(16): warning:  #1300-D: SendMessage inherits implicit virtual
.\code\uc.h(274): warning:  #1300-D: SetDataSize inherits implicit virtual
.\code\uc.h(275): warning:  #1300-D: Setfronts inherits implicit virtual
.\code\uc.h(276): warning:  #1300-D: SetDiv inherits implicit virtual
.\code\uc.h(277): warning:  #1300-D: EnableInterrups inherits implicit virtual
.\code\uc.h(278): warning:  #1300-D: DisableInterrups inherits implicit virtual
.\code\uc.h(279): warning:  #1300-D: Enable inherits implicit virtual
.\code\uc.h(280): warning:  #1300-D: Disable inherits implicit virtual
.\code\uc.h(281): warning:  #1300-D: FastWr inherits implicit virtual
.\code\uc.h(282): warning:  #1300-D: FastRd inherits implicit virtual
.\code\uc.h(283): warning:  #1300-D: FastRW inherits implicit virtual
.\code\uc.h(284): warning:  #1300-D: Wait inherits implicit virtual
.\code\uc.h(285): warning:  #1300-D: Write inherits implicit virtual
.\code\uc.h(286): warning:  #1300-D: Read inherits implicit virtual
.\code\uc.h(287): warning:  #1300-D: RW inherits implicit virtual
.\code\uc.h(288): warning:  #1300-D: GetStatus inherits implicit virtual
.\code\uc.h(289): warning:  #1300-D: TxIsEmpty inherits implicit virtual
.\code\uc.h(290): warning:  #1300-D: Start inherits implicit virtual
.\code\uc.h(300): warning:  #1300-D: SetDataSize inherits implicit virtual
.\code\uc.h(301): warning:  #1300-D: Setfronts inherits implicit virtual
.\code\uc.h(302): warning:  #1300-D: SetDiv inherits implicit virtual
.\code\uc.h(303): warning:  #1300-D: EnableInterrups inherits implicit virtual
.\code\uc.h(304): warning:  #1300-D: DisableInterrups inherits implicit virtual
.\code\uc.h(305): warning:  #1300-D: Enable inherits implicit virtual
.\code\uc.h(306): warning:  #1300-D: Disable inherits implicit virtual
.\code\uc.h(307): warning:  #1300-D: FastWr inherits implicit virtual
.\code\uc.h(308): warning:  #1300-D: FastRd inherits implicit virtual
.\code\uc.h(309): warning:  #1300-D: FastRW inherits implicit virtual
.\code\uc.h(310): warning:  #1300-D: Wait inherits implicit virtual
.\code\uc.h(311): warning:  #1300-D: Write inherits implicit virtual
.\code\uc.h(312): warning:  #1300-D: Read inherits implicit virtual
.\code\uc.h(313): warning:  #1300-D: RW inherits implicit virtual
.\code\uc.h(314): warning:  #1300-D: GetStatus inherits implicit virtual
.\code\uc.h(315): warning:  #1300-D: TxIsEmpty inherits implicit virtual
.\code\uc.h(316): warning:  #1300-D: Start inherits implicit virtual
compiling Encoders.cpp...
.\code\Encoder\AbstractEncoder.h(12): warning:  #1-D: last line of file ends without a newline
.\code\uc.h(274): warning:  #1300-D: SetDataSize inherits implicit virtual
.\code\uc.h(275): warning:  #1300-D: Setfronts inherits implicit virtual
.\code\uc.h(276): warning:  #1300-D: SetDiv inherits implicit virtual
.\code\uc.h(277): warning:  #1300-D: EnableInterrups inherits implicit virtual
.\code\uc.h(278): warning:  #1300-D: DisableInterrups inherits implicit virtual
.\code\uc.h(279): warning:  #1300-D: Enable inherits implicit virtual
.\code\uc.h(280): warning:  #1300-D: Disable inherits implicit virtual
.\code\uc.h(281): warning:  #1300-D: FastWr inherits implicit virtual
.\code\uc.h(282): warning:  #1300-D: FastRd inherits implicit virtual
.\code\uc.h(283): warning:  #1300-D: FastRW inherits implicit virtual
.\code\uc.h(284): warning:  #1300-D: Wait inherits implicit virtual
.\code\uc.h(285): warning:  #1300-D: Write inherits implicit virtual
.\code\uc.h(286): warning:  #1300-D: Read inherits implicit virtual
.\code\uc.h(287): warning:  #1300-D: RW inherits implicit virtual
.\code\uc.h(288): warning:  #1300-D: GetStatus inherits implicit virtual
.\code\uc.h(289): warning:  #1300-D: TxIsEmpty inherits implicit virtual
.\code\uc.h(290): warning:  #1300-D: Start inherits implicit virtual
.\code\uc.h(300): warning:  #1300-D: SetDataSize inherits implicit virtual
.\code\uc.h(301): warning:  #1300-D: Setfronts inherits implicit virtual
.\code\uc.h(302): warning:  #1300-D: SetDiv inherits implicit virtual
.\code\uc.h(303): warning:  #1300-D: EnableInterrups inherits implicit virtual
.\code\uc.h(304): warning:  #1300-D: DisableInterrups inherits implicit virtual
.\code\uc.h(305): warning:  #1300-D: Enable inherits implicit virtual
.\code\uc.h(306): warning:  #1300-D: Disable inherits implicit virtual
.\code\uc.h(307): warning:  #1300-D: FastWr inherits implicit virtual
.\code\uc.h(308): warning:  #1300-D: FastRd inherits implicit virtual
.\code\uc.h(309): warning:  #1300-D: FastRW inherits implicit virtual
.\code\uc.h(310): warning:  #1300-D: Wait inherits implicit virtual
.\code\uc.h(311): warning:  #1300-D: Write inherits implicit virtual
.\code\uc.h(312): warning:  #1300-D: Read inherits implicit virtual
.\code\uc.h(313): warning:  #1300-D: RW inherits implicit virtual
.\code\uc.h(314): warning:  #1300-D: GetStatus inherits implicit virtual
.\code\uc.h(315): warning:  #1300-D: TxIsEmpty inherits implicit virtual
.\code\uc.h(316): warning:  #1300-D: Start inherits implicit virtual
compiling LEDs.cpp...
.\code\uc.h(274): warning:  #1300-D: SetDataSize inherits implicit virtual
.\code\uc.h(275): warning:  #1300-D: Setfronts inherits implicit virtual
.\code\uc.h(276): warning:  #1300-D: SetDiv inherits implicit virtual
.\code\uc.h(277): warning:  #1300-D: EnableInterrups inherits implicit virtual
.\code\uc.h(278): warning:  #1300-D: DisableInterrups inherits implicit virtual
.\code\uc.h(279): warning:  #1300-D: Enable inherits implicit virtual
.\code\uc.h(280): warning:  #1300-D: Disable inherits implicit virtual
.\code\uc.h(281): warning:  #1300-D: FastWr inherits implicit virtual
.\code\uc.h(282): warning:  #1300-D: FastRd inherits implicit virtual
.\code\uc.h(283): warning:  #1300-D: FastRW inherits implicit virtual
.\code\uc.h(284): warning:  #1300-D: Wait inherits implicit virtual
.\code\uc.h(285): warning:  #1300-D: Write inherits implicit virtual
.\code\uc.h(286): warning:  #1300-D: Read inherits implicit virtual
.\code\uc.h(287): warning:  #1300-D: RW inherits implicit virtual
.\code\uc.h(288): warning:  #1300-D: GetStatus inherits implicit virtual
.\code\uc.h(289): warning:  #1300-D: TxIsEmpty inherits implicit virtual
.\code\uc.h(290): warning:  #1300-D: Start inherits implicit virtual
.\code\uc.h(300): warning:  #1300-D: SetDataSize inherits implicit virtual
.\code\uc.h(301): warning:  #1300-D: Setfronts inherits implicit virtual
.\code\uc.h(302): warning:  #1300-D: SetDiv inherits implicit virtual
.\code\uc.h(303): warning:  #1300-D: EnableInterrups inherits implicit virtual
.\code\uc.h(304): warning:  #1300-D: DisableInterrups inherits implicit virtual
.\code\uc.h(305): warning:  #1300-D: Enable inherits implicit virtual
.\code\uc.h(306): warning:  #1300-D: Disable inherits implicit virtual
.\code\uc.h(307): warning:  #1300-D: FastWr inherits implicit virtual
.\code\uc.h(308): warning:  #1300-D: FastRd inherits implicit virtual
.\code\uc.h(309): warning:  #1300-D: FastRW inherits implicit virtual
.\code\uc.h(310): warning:  #1300-D: Wait inherits implicit virtual
.\code\uc.h(311): warning:  #1300-D: Write inherits implicit virtual
.\code\uc.h(312): warning:  #1300-D: Read inherits implicit virtual
.\code\uc.h(313): warning:  #1300-D: RW inherits implicit virtual
.\code\uc.h(314): warning:  #1300-D: GetStatus inherits implicit virtual
.\code\uc.h(315): warning:  #1300-D: TxIsEmpty inherits implicit virtual
.\code\uc.h(316): warning:  #1300-D: Start inherits implicit virtual
compiling Buttons.cpp...
.\code\uc.h(274): warning:  #1300-D: SetDataSize inherits implicit virtual
.\code\uc.h(275): warning:  #1300-D: Setfronts inherits implicit virtual
.\code\uc.h(276): warning:  #1300-D: SetDiv inherits implicit virtual
.\code\uc.h(277): warning:  #1300-D: EnableInterrups inherits implicit virtual
.\code\uc.h(278): warning:  #1300-D: DisableInterrups inherits implicit virtual
.\code\uc.h(279): warning:  #1300-D: Enable inherits implicit virtual
.\code\uc.h(280): warning:  #1300-D: Disable inherits implicit virtual
.\code\uc.h(281): warning:  #1300-D: FastWr inherits implicit virtual
.\code\uc.h(282): warning:  #1300-D: FastRd inherits implicit virtual
.\code\uc.h(283): warning:  #1300-D: FastRW inherits implicit virtual
.\code\uc.h(284): warning:  #1300-D: Wait inherits implicit virtual
.\code\uc.h(285): warning:  #1300-D: Write inherits implicit virtual
.\code\uc.h(286): warning:  #1300-D: Read inherits implicit virtual
.\code\uc.h(287): warning:  #1300-D: RW inherits implicit virtual
.\code\uc.h(288): warning:  #1300-D: GetStatus inherits implicit virtual
.\code\uc.h(289): warning:  #1300-D: TxIsEmpty inherits implicit virtual
.\code\uc.h(290): warning:  #1300-D: Start inherits implicit virtual
.\code\uc.h(300): warning:  #1300-D: SetDataSize inherits implicit virtual
.\code\uc.h(301): warning:  #1300-D: Setfronts inherits implicit virtual
.\code\uc.h(302): warning:  #1300-D: SetDiv inherits implicit virtual
.\code\uc.h(303): warning:  #1300-D: EnableInterrups inherits implicit virtual
.\code\uc.h(304): warning:  #1300-D: DisableInterrups inherits implicit virtual
.\code\uc.h(305): warning:  #1300-D: Enable inherits implicit virtual
.\code\uc.h(306): warning:  #1300-D: Disable inherits implicit virtual
.\code\uc.h(307): warning:  #1300-D: FastWr inherits implicit virtual
.\code\uc.h(308): warning:  #1300-D: FastRd inherits implicit virtual
.\code\uc.h(309): warning:  #1300-D: FastRW inherits implicit virtual
.\code\uc.h(310): warning:  #1300-D: Wait inherits implicit virtual
.\code\uc.h(311): warning:  #1300-D: Write inherits implicit virtual
.\code\uc.h(312): warning:  #1300-D: Read inherits implicit virtual
.\code\uc.h(313): warning:  #1300-D: RW inherits implicit virtual
.\code\uc.h(314): warning:  #1300-D: GetStatus inherits implicit virtual
.\code\uc.h(315): warning:  #1300-D: TxIsEmpty inherits implicit virtual
.\code\uc.h(316): warning:  #1300-D: Start inherits implicit virtual
compiling SerialIO.cpp...
.\code\uc.h(274): warning:  #1300-D: SetDataSize inherits implicit virtual
.\code\uc.h(275): warning:  #1300-D: Setfronts inherits implicit virtual
.\code\uc.h(276): warning:  #1300-D: SetDiv inherits implicit virtual
.\code\uc.h(277): warning:  #1300-D: EnableInterrups inherits implicit virtual
.\code\uc.h(278): warning:  #1300-D: DisableInterrups inherits implicit virtual
.\code\uc.h(279): warning:  #1300-D: Enable inherits implicit virtual
.\code\uc.h(280): warning:  #1300-D: Disable inherits implicit virtual
.\code\uc.h(281): warning:  #1300-D: FastWr inherits implicit virtual
.\code\uc.h(282): warning:  #1300-D: FastRd inherits implicit virtual
.\code\uc.h(283): warning:  #1300-D: FastRW inherits implicit virtual
.\code\uc.h(284): warning:  #1300-D: Wait inherits implicit virtual
.\code\uc.h(285): warning:  #1300-D: Write inherits implicit virtual
.\code\uc.h(286): warning:  #1300-D: Read inherits implicit virtual
.\code\uc.h(287): warning:  #1300-D: RW inherits implicit virtual
.\code\uc.h(288): warning:  #1300-D: GetStatus inherits implicit virtual
.\code\uc.h(289): warning:  #1300-D: TxIsEmpty inherits implicit virtual
.\code\uc.h(290): warning:  #1300-D: Start inherits implicit virtual
.\code\uc.h(300): warning:  #1300-D: SetDataSize inherits implicit virtual
.\code\uc.h(301): warning:  #1300-D: Setfronts inherits implicit virtual
.\code\uc.h(302): warning:  #1300-D: SetDiv inherits implicit virtual
.\code\uc.h(303): warning:  #1300-D: EnableInterrups inherits implicit virtual
.\code\uc.h(304): warning:  #1300-D: DisableInterrups inherits implicit virtual
.\code\uc.h(305): warning:  #1300-D: Enable inherits implicit virtual
.\code\uc.h(306): warning:  #1300-D: Disable inherits implicit virtual
.\code\uc.h(307): warning:  #1300-D: FastWr inherits implicit virtual
.\code\uc.h(308): warning:  #1300-D: FastRd inherits implicit virtual
.\code\uc.h(309): warning:  #1300-D: FastRW inherits implicit virtual
.\code\uc.h(310): warning:  #1300-D: Wait inherits implicit virtual
.\code\uc.h(311): warning:  #1300-D: Write inherits implicit virtual
.\code\uc.h(312): warning:  #1300-D: Read inherits implicit virtual
.\code\uc.h(313): warning:  #1300-D: RW inherits implicit virtual
.\code\uc.h(314): warning:  #1300-D: GetStatus inherits implicit virtual
.\code\uc.h(315): warning:  #1300-D: TxIsEmpty inherits implicit virtual
.\code\uc.h(316): warning:  #1300-D: Start inherits implicit virtual
.\code\SSPDevices\SerialIO.h(13): warning:  #1300-D: GetState inherits implicit virtual
.\code\SSPDevices\SerialIO.h(14): warning:  #1300-D: SetState inherits implicit virtual
.\code\SSPDevices\SerialIO.h(99): warning:  #1300-D: BuffWr inherits implicit virtual
.\code\SSPDevices\SerialIO.h(100): warning:  #1300-D: Set inherits implicit virtual
compiling Displays.cpp...
.\code\uc.h(274): warning:  #1300-D: SetDataSize inherits implicit virtual
.\code\uc.h(275): warning:  #1300-D: Setfronts inherits implicit virtual
.\code\uc.h(276): warning:  #1300-D: SetDiv inherits implicit virtual
.\code\uc.h(277): warning:  #1300-D: EnableInterrups inherits implicit virtual
.\code\uc.h(278): warning:  #1300-D: DisableInterrups inherits implicit virtual
.\code\uc.h(279): warning:  #1300-D: Enable inherits implicit virtual
.\code\uc.h(280): warning:  #1300-D: Disable inherits implicit virtual
.\code\uc.h(281): warning:  #1300-D: FastWr inherits implicit virtual
.\code\uc.h(282): warning:  #1300-D: FastRd inherits implicit virtual
.\code\uc.h(283): warning:  #1300-D: FastRW inherits implicit virtual
.\code\uc.h(284): warning:  #1300-D: Wait inherits implicit virtual
.\code\uc.h(285): warning:  #1300-D: Write inherits implicit virtual
.\code\uc.h(286): warning:  #1300-D: Read inherits implicit virtual
.\code\uc.h(287): warning:  #1300-D: RW inherits implicit virtual
.\code\uc.h(288): warning:  #1300-D: GetStatus inherits implicit virtual
.\code\uc.h(289): warning:  #1300-D: TxIsEmpty inherits implicit virtual
.\code\uc.h(290): warning:  #1300-D: Start inherits implicit virtual
.\code\uc.h(300): warning:  #1300-D: SetDataSize inherits implicit virtual
.\code\uc.h(301): warning:  #1300-D: Setfronts inherits implicit virtual
.\code\uc.h(302): warning:  #1300-D: SetDiv inherits implicit virtual
.\code\uc.h(303): warning:  #1300-D: EnableInterrups inherits implicit virtual
.\code\uc.h(304): warning:  #1300-D: DisableInterrups inherits implicit virtual
.\code\uc.h(305): warning:  #1300-D: Enable inherits implicit virtual
.\code\uc.h(306): warning:  #1300-D: Disable inherits implicit virtual
.\code\uc.h(307): warning:  #1300-D: FastWr inherits implicit virtual
.\code\uc.h(308): warning:  #1300-D: FastRd inherits implicit virtual
.\code\uc.h(309): warning:  #1300-D: FastRW inherits implicit virtual
.\code\uc.h(310): warning:  #1300-D: Wait inherits implicit virtual
.\code\uc.h(311): warning:  #1300-D: Write inherits implicit virtual
.\code\uc.h(312): warning:  #1300-D: Read inherits implicit virtual
.\code\uc.h(313): warning:  #1300-D: RW inherits implicit virtual
.\code\uc.h(314): warning:  #1300-D: GetStatus inherits implicit virtual
.\code\uc.h(315): warning:  #1300-D: TxIsEmpty inherits implicit virtual
.\code\uc.h(316): warning:  #1300-D: Start inherits implicit virtual
compiling TMetr.cpp...
.\code\uc.h(274): warning:  #1300-D: SetDataSize inherits implicit virtual
.\code\uc.h(275): warning:  #1300-D: Setfronts inherits implicit virtual
.\code\uc.h(276): warning:  #1300-D: SetDiv inherits implicit virtual
.\code\uc.h(277): warning:  #1300-D: EnableInterrups inherits implicit virtual
.\code\uc.h(278): warning:  #1300-D: DisableInterrups inherits implicit virtual
.\code\uc.h(279): warning:  #1300-D: Enable inherits implicit virtual
.\code\uc.h(280): warning:  #1300-D: Disable inherits implicit virtual
.\code\uc.h(281): warning:  #1300-D: FastWr inherits implicit virtual
.\code\uc.h(282): warning:  #1300-D: FastRd inherits implicit virtual
.\code\uc.h(283): warning:  #1300-D: FastRW inherits implicit virtual
.\code\uc.h(284): warning:  #1300-D: Wait inherits implicit virtual
.\code\uc.h(285): warning:  #1300-D: Write inherits implicit virtual
.\code\uc.h(286): warning:  #1300-D: Read inherits implicit virtual
.\code\uc.h(287): warning:  #1300-D: RW inherits implicit virtual
.\code\uc.h(288): warning:  #1300-D: GetStatus inherits implicit virtual
.\code\uc.h(289): warning:  #1300-D: TxIsEmpty inherits implicit virtual
.\code\uc.h(290): warning:  #1300-D: Start inherits implicit virtual
.\code\uc.h(300): warning:  #1300-D: SetDataSize inherits implicit virtual
.\code\uc.h(301): warning:  #1300-D: Setfronts inherits implicit virtual
.\code\uc.h(302): warning:  #1300-D: SetDiv inherits implicit virtual
.\code\uc.h(303): warning:  #1300-D: EnableInterrups inherits implicit virtual
.\code\uc.h(304): warning:  #1300-D: DisableInterrups inherits implicit virtual
.\code\uc.h(305): warning:  #1300-D: Enable inherits implicit virtual
.\code\uc.h(306): warning:  #1300-D: Disable inherits implicit virtual
.\code\uc.h(307): warning:  #1300-D: FastWr inherits implicit virtual
.\code\uc.h(308): warning:  #1300-D: FastRd inherits implicit virtual
.\code\uc.h(309): warning:  #1300-D: FastRW inherits implicit virtual
.\code\uc.h(310): warning:  #1300-D: Wait inherits implicit virtual
.\code\uc.h(311): warning:  #1300-D: Write inherits implicit virtual
.\code\uc.h(312): warning:  #1300-D: Read inherits implicit virtual
.\code\uc.h(313): warning:  #1300-D: RW inherits implicit virtual
.\code\uc.h(314): warning:  #1300-D: GetStatus inherits implicit virtual
.\code\uc.h(315): warning:  #1300-D: TxIsEmpty inherits implicit virtual
.\code\uc.h(316): warning:  #1300-D: Start inherits implicit virtual
.\code\Temperature\TMetr.h(13): warning:  #1300-D: IntEvent inherits implicit virtual
.\code\Temperature\TMetr.h(14): warning:  #1300-D: GetT inherits implicit virtual
compiling UInterfaces.cpp...
.\code\Encoder\AbstractEncoder.h(12): warning:  #1-D: last line of file ends without a newline
.\code\uc.h(274): warning:  #1300-D: SetDataSize inherits implicit virtual
.\code\uc.h(275): warning:  #1300-D: Setfronts inherits implicit virtual
.\code\uc.h(276): warning:  #1300-D: SetDiv inherits implicit virtual
.\code\uc.h(277): warning:  #1300-D: EnableInterrups inherits implicit virtual
.\code\uc.h(278): warning:  #1300-D: DisableInterrups inherits implicit virtual
.\code\uc.h(279): warning:  #1300-D: Enable inherits implicit virtual
.\code\uc.h(280): warning:  #1300-D: Disable inherits implicit virtual
.\code\uc.h(281): warning:  #1300-D: FastWr inherits implicit virtual
.\code\uc.h(282): warning:  #1300-D: FastRd inherits implicit virtual
.\code\uc.h(283): warning:  #1300-D: FastRW inherits implicit virtual
.\code\uc.h(284): warning:  #1300-D: Wait inherits implicit virtual
.\code\uc.h(285): warning:  #1300-D: Write inherits implicit virtual
.\code\uc.h(286): warning:  #1300-D: Read inherits implicit virtual
.\code\uc.h(287): warning:  #1300-D: RW inherits implicit virtual
.\code\uc.h(288): warning:  #1300-D: GetStatus inherits implicit virtual
.\code\uc.h(289): warning:  #1300-D: TxIsEmpty inherits implicit virtual
.\code\uc.h(290): warning:  #1300-D: Start inherits implicit virtual
.\code\uc.h(300): warning:  #1300-D: SetDataSize inherits implicit virtual
.\code\uc.h(301): warning:  #1300-D: Setfronts inherits implicit virtual
.\code\uc.h(302): warning:  #1300-D: SetDiv inherits implicit virtual
.\code\uc.h(303): warning:  #1300-D: EnableInterrups inherits implicit virtual
.\code\uc.h(304): warning:  #1300-D: DisableInterrups inherits implicit virtual
.\code\uc.h(305): warning:  #1300-D: Enable inherits implicit virtual
.\code\uc.h(306): warning:  #1300-D: Disable inherits implicit virtual
.\code\uc.h(307): warning:  #1300-D: FastWr inherits implicit virtual
.\code\uc.h(308): warning:  #1300-D: FastRd inherits implicit virtual
.\code\uc.h(309): warning:  #1300-D: FastRW inherits implicit virtual
.\code\uc.h(310): warning:  #1300-D: Wait inherits implicit virtual
.\code\uc.h(311): warning:  #1300-D: Write inherits implicit virtual
.\code\uc.h(312): warning:  #1300-D: Read inherits implicit virtual
.\code\uc.h(313): warning:  #1300-D: RW inherits implicit virtual
.\code\uc.h(314): warning:  #1300-D: GetStatus inherits implicit virtual
.\code\uc.h(315): warning:  #1300-D: TxIsEmpty inherits implicit virtual
.\code\uc.h(316): warning:  #1300-D: Start inherits implicit virtual
code\uI\UInterfaces.cpp(239): warning:  #111-D: statement is unreachable
compiling iap.cpp...
linking...
Program Size: Code=39060 RO-data=3452 RW-data=180 ZI-data=12700  
FromELF: creating hex file...
".\obj\devi.axf" - 0 Errors, 369 Warning(s).
Build target 'device'
assembling Startup.s...
compiling mainFile.cpp...
.\code\Encoder\AbstractEncoder.h(12): warning:  #1-D: last line of file ends without a newline
code\mainFile.cpp(106): warning:  #177-D: variable "curr" was declared but never referenced
code\mainFile.cpp(314): warning:  #1-D: last line of file ends without a newline
compiling Delay.cpp...
compiling uC48.cpp...
.\code\uC.h(274): warning:  #1300-D: SetDataSize inherits implicit virtual
.\code\uC.h(275): warning:  #1300-D: Setfronts inherits implicit virtual
.\code\uC.h(276): warning:  #1300-D: SetDiv inherits implicit virtual
.\code\uC.h(277): warning:  #1300-D: EnableInterrups inherits implicit virtual
.\code\uC.h(278): warning:  #1300-D: DisableInterrups inherits implicit virtual
.\code\uC.h(279): warning:  #1300-D: Enable inherits implicit virtual
.\code\uC.h(280): warning:  #1300-D: Disable inherits implicit virtual
.\code\uC.h(281): warning:  #1300-D: FastWr inherits implicit virtual
.\code\uC.h(282): warning:  #1300-D: FastRd inherits implicit virtual
.\code\uC.h(283): warning:  #1300-D: FastRW inherits implicit virtual
.\code\uC.h(284): warning:  #1300-D: Wait inherits implicit virtual
.\code\uC.h(285): warning:  #1300-D: Write inherits implicit virtual
.\code\uC.h(286): warning:  #1300-D: Read inherits implicit virtual
.\code\uC.h(287): warning:  #1300-D: RW inherits implicit virtual
.\code\uC.h(288): warning:  #1300-D: GetStatus inherits implicit virtual
.\code\uC.h(289): warning:  #1300-D: TxIsEmpty inherits implicit virtual
.\code\uC.h(290): warning:  #1300-D: Start inherits implicit virtual
.\code\uC.h(300): warning:  #1300-D: SetDataSize inherits implicit virtual
.\code\uC.h(301): warning:  #1300-D: Setfronts inherits implicit virtual
.\code\uC.h(302): warning:  #1300-D: SetDiv inherits implicit virtual
.\code\uC.h(303): warning:  #1300-D: EnableInterrups inherits implicit virtual
.\code\uC.h(304): warning:  #1300-D: DisableInterrups inherits implicit virtual
.\code\uC.h(305): warning:  #1300-D: Enable inherits implicit virtual
.\code\uC.h(306): warning:  #1300-D: Disable inherits implicit virtual
.\code\uC.h(307): warning:  #1300-D: FastWr inherits implicit virtual
.\code\uC.h(308): warning:  #1300-D: FastRd inherits implicit virtual
.\code\uC.h(309): warning:  #1300-D: FastRW inherits implicit virtual
.\code\uC.h(310): warning:  #1300-D: Wait inherits implicit virtual
.\code\uC.h(311): warning:  #1300-D: Write inherits implicit virtual
.\code\uC.h(312): warning:  #1300-D: Read inherits implicit virtual
.\code\uC.h(313): warning:  #1300-D: RW inherits implicit virtual
.\code\uC.h(314): warning:  #1300-D: GetStatus inherits implicit virtual
.\code\uC.h(315): warning:  #1300-D: TxIsEmpty inherits implicit virtual
.\code\uC.h(316): warning:  #1300-D: Start inherits implicit virtual
code\uC48.cpp(1040): warning:  #111-D: statement is unreachable
compiling BoardLdCtl4.cpp...
.\code\Encoder\AbstractEncoder.h(12): warning:  #1-D: last line of file ends without a newline
.\code\uc.h(274): warning:  #1300-D: SetDataSize inherits implicit virtual
.\code\uc.h(275): warning:  #1300-D: Setfronts inherits implicit virtual
.\code\uc.h(276): warning:  #1300-D: SetDiv inherits implicit virtual
.\code\uc.h(277): warning:  #1300-D: EnableInterrups inherits implicit virtual
.\code\uc.h(278): warning:  #1300-D: DisableInterrups inherits implicit virtual
.\code\uc.h(279): warning:  #1300-D: Enable inherits implicit virtual
.\code\uc.h(280): warning:  #1300-D: Disable inherits implicit virtual
.\code\uc.h(281): warning:  #1300-D: FastWr inherits implicit virtual
.\code\uc.h(282): warning:  #1300-D: FastRd inherits implicit virtual
.\code\uc.h(283): warning:  #1300-D: FastRW inherits implicit virtual
.\code\uc.h(284): warning:  #1300-D: Wait inherits implicit virtual
.\code\uc.h(285): warning:  #1300-D: Write inherits implicit virtual
.\code\uc.h(286): warning:  #1300-D: Read inherits implicit virtual
.\code\uc.h(287): warning:  #1300-D: RW inherits implicit virtual
.\code\uc.h(288): warning:  #1300-D: GetStatus inherits implicit virtual
.\code\uc.h(289): warning:  #1300-D: TxIsEmpty inherits implicit virtual
.\code\uc.h(290): warning:  #1300-D: Start inherits implicit virtual
.\code\uc.h(300): warning:  #1300-D: SetDataSize inherits implicit virtual
.\code\uc.h(301): warning:  #1300-D: Setfronts inherits implicit virtual
.\code\uc.h(302): warning:  #1300-D: SetDiv inherits implicit virtual
.\code\uc.h(303): warning:  #1300-D: EnableInterrups inherits implicit virtual
.\code\uc.h(304): warning:  #1300-D: DisableInterrups inherits implicit virtual
.\code\uc.h(305): warning:  #1300-D: Enable inherits implicit virtual
.\code\uc.h(306): warning:  #1300-D: Disable inherits implicit virtual
.\code\uc.h(307): warning:  #1300-D: FastWr inherits implicit virtual
.\code\uc.h(308): warning:  #1300-D: FastRd inherits implicit virtual
.\code\uc.h(309): warning:  #1300-D: FastRW inherits implicit virtual
.\code\uc.h(310): warning:  #1300-D: Wait inherits implicit virtual
.\code\uc.h(311): warning:  #1300-D: Write inherits implicit virtual
.\code\uc.h(312): warning:  #1300-D: Read inherits implicit virtual
.\code\uc.h(313): warning:  #1300-D: RW inherits implicit virtual
.\code\uc.h(314): warning:  #1300-D: GetStatus inherits implicit virtual
.\code\uc.h(315): warning:  #1300-D: TxIsEmpty inherits implicit virtual
.\code\uc.h(316): warning:  #1300-D: Start inherits implicit virtual
.\code\Temperature\TMetr.h(13): warning:  #1300-D: IntEvent inherits implicit virtual
.\code\Temperature\TMetr.h(14): warning:  #1300-D: GetT inherits implicit virtual
.\code\SSPDevices\SerialIO.h(13): warning:  #1300-D: GetState inherits implicit virtual
.\code\SSPDevices\SerialIO.h(14): warning:  #1300-D: SetState inherits implicit virtual
.\code\SSPDevices\SerialIO.h(99): warning:  #1300-D: BuffWr inherits implicit virtual
.\code\SSPDevices\SerialIO.h(100): warning:  #1300-D: Set inherits implicit virtual
.\code\UART\UARTs.h(13): warning:  #1300-D: GetMessageSize inherits implicit virtual
.\code\UART\UARTs.h(14): warning:  #1300-D: Update inherits implicit virtual
.\code\UART\UARTs.h(15): warning:  #1300-D: GetMessage inherits implicit virtual
.\code\UART\UARTs.h(16): warning:  #1300-D: SendMessage inherits implicit virtual
code\BoardLdCtl4.cpp(393): warning:  #1300-D: ~HIfc inherits implicit virtual
compiling ExchangeBuffers.cpp...
compiling UARTs.cpp...
.\code\UART\UARTs.h(13): warning:  #1300-D: GetMessageSize inherits implicit virtual
.\code\UART\UARTs.h(14): warning:  #1300-D: Update inherits implicit virtual
.\code\UART\UARTs.h(15): warning:  #1300-D: GetMessage inherits implicit virtual
.\code\UART\UARTs.h(16): warning:  #1300-D: SendMessage inherits implicit virtual
.\code\uc.h(274): warning:  #1300-D: SetDataSize inherits implicit virtual
.\code\uc.h(275): warning:  #1300-D: Setfronts inherits implicit virtual
.\code\uc.h(276): warning:  #1300-D: SetDiv inherits implicit virtual
.\code\uc.h(277): warning:  #1300-D: EnableInterrups inherits implicit virtual
.\code\uc.h(278): warning:  #1300-D: DisableInterrups inherits implicit virtual
.\code\uc.h(279): warning:  #1300-D: Enable inherits implicit virtual
.\code\uc.h(280): warning:  #1300-D: Disable inherits implicit virtual
.\code\uc.h(281): warning:  #1300-D: FastWr inherits implicit virtual
.\code\uc.h(282): warning:  #1300-D: FastRd inherits implicit virtual
.\code\uc.h(283): warning:  #1300-D: FastRW inherits implicit virtual
.\code\uc.h(284): warning:  #1300-D: Wait inherits implicit virtual
.\code\uc.h(285): warning:  #1300-D: Write inherits implicit virtual
.\code\uc.h(286): warning:  #1300-D: Read inherits implicit virtual
.\code\uc.h(287): warning:  #1300-D: RW inherits implicit virtual
.\code\uc.h(288): warning:  #1300-D: GetStatus inherits implicit virtual
.\code\uc.h(289): warning:  #1300-D: TxIsEmpty inherits implicit virtual
.\code\uc.h(290): warning:  #1300-D: Start inherits implicit virtual
.\code\uc.h(300): warning:  #1300-D: SetDataSize inherits implicit virtual
.\code\uc.h(301): warning:  #1300-D: Setfronts inherits implicit virtual
.\code\uc.h(302): warning:  #1300-D: SetDiv inherits implicit virtual
.\code\uc.h(303): warning:  #1300-D: EnableInterrups inherits implicit virtual
.\code\uc.h(304): warning:  #1300-D: DisableInterrups inherits implicit virtual
.\code\uc.h(305): warning:  #1300-D: Enable inherits implicit virtual
.\code\uc.h(306): warning:  #1300-D: Disable inherits implicit virtual
.\code\uc.h(307): warning:  #1300-D: FastWr inherits implicit virtual
.\code\uc.h(308): warning:  #1300-D: FastRd inherits implicit virtual
.\code\uc.h(309): warning:  #1300-D: FastRW inherits implicit virtual
.\code\uc.h(310): warning:  #1300-D: Wait inherits implicit virtual
.\code\uc.h(311): warning:  #1300-D: Write inherits implicit virtual
.\code\uc.h(312): warning:  #1300-D: Read inherits implicit virtual
.\code\uc.h(313): warning:  #1300-D: RW inherits implicit virtual
.\code\uc.h(314): warning:  #1300-D: GetStatus inherits implicit virtual
.\code\uc.h(315): warning:  #1300-D: TxIsEmpty inherits implicit virtual
.\code\uc.h(316): warning:  #1300-D: Start inherits implicit virtual
compiling Encoders.cpp...
.\code\Encoder\AbstractEncoder.h(12): warning:  #1-D: last line of file ends without a newline
.\code\uc.h(274): warning:  #1300-D: SetDataSize inherits implicit virtual
.\code\uc.h(275): warning:  #1300-D: Setfronts inherits implicit virtual
.\code\uc.h(276): warning:  #1300-D: SetDiv inherits implicit virtual
.\code\uc.h(277): warning:  #1300-D: EnableInterrups inherits implicit virtual
.\code\uc.h(278): warning:  #1300-D: DisableInterrups inherits implicit virtual
.\code\uc.h(279): warning:  #1300-D: Enable inherits implicit virtual
.\code\uc.h(280): warning:  #1300-D: Disable inherits implicit virtual
.\code\uc.h(281): warning:  #1300-D: FastWr inherits implicit virtual
.\code\uc.h(282): warning:  #1300-D: FastRd inherits implicit virtual
.\code\uc.h(283): warning:  #1300-D: FastRW inherits implicit virtual
.\code\uc.h(284): warning:  #1300-D: Wait inherits implicit virtual
.\code\uc.h(285): warning:  #1300-D: Write inherits implicit virtual
.\code\uc.h(286): warning:  #1300-D: Read inherits implicit virtual
.\code\uc.h(287): warning:  #1300-D: RW inherits implicit virtual
.\code\uc.h(288): warning:  #1300-D: GetStatus inherits implicit virtual
.\code\uc.h(289): warning:  #1300-D: TxIsEmpty inherits implicit virtual
.\code\uc.h(290): warning:  #1300-D: Start inherits implicit virtual
.\code\uc.h(300): warning:  #1300-D: SetDataSize inherits implicit virtual
.\code\uc.h(301): warning:  #1300-D: Setfronts inherits implicit virtual
.\code\uc.h(302): warning:  #1300-D: SetDiv inherits implicit virtual
.\code\uc.h(303): warning:  #1300-D: EnableInterrups inherits implicit virtual
.\code\uc.h(304): warning:  #1300-D: DisableInterrups inherits implicit virtual
.\code\uc.h(305): warning:  #1300-D: Enable inherits implicit virtual
.\code\uc.h(306): warning:  #1300-D: Disable inherits implicit virtual
.\code\uc.h(307): warning:  #1300-D: FastWr inherits implicit virtual
.\code\uc.h(308): warning:  #1300-D: FastRd inherits implicit virtual
.\code\uc.h(309): warning:  #1300-D: FastRW inherits implicit virtual
.\code\uc.h(310): warning:  #1300-D: Wait inherits implicit virtual
.\code\uc.h(311): warning:  #1300-D: Write inherits implicit virtual
.\code\uc.h(312): warning:  #1300-D: Read inherits implicit virtual
.\code\uc.h(313): warning:  #1300-D: RW inherits implicit virtual
.\code\uc.h(314): warning:  #1300-D: GetStatus inherits implicit virtual
.\code\uc.h(315): warning:  #1300-D: TxIsEmpty inherits implicit virtual
.\code\uc.h(316): warning:  #1300-D: Start inherits implicit virtual
compiling LEDs.cpp...
.\code\uc.h(274): warning:  #1300-D: SetDataSize inherits implicit virtual
.\code\uc.h(275): warning:  #1300-D: Setfronts inherits implicit virtual
.\code\uc.h(276): warning:  #1300-D: SetDiv inherits implicit virtual
.\code\uc.h(277): warning:  #1300-D: EnableInterrups inherits implicit virtual
.\code\uc.h(278): warning:  #1300-D: DisableInterrups inherits implicit virtual
.\code\uc.h(279): warning:  #1300-D: Enable inherits implicit virtual
.\code\uc.h(280): warning:  #1300-D: Disable inherits implicit virtual
.\code\uc.h(281): warning:  #1300-D: FastWr inherits implicit virtual
.\code\uc.h(282): warning:  #1300-D: FastRd inherits implicit virtual
.\code\uc.h(283): warning:  #1300-D: FastRW inherits implicit virtual
.\code\uc.h(284): warning:  #1300-D: Wait inherits implicit virtual
.\code\uc.h(285): warning:  #1300-D: Write inherits implicit virtual
.\code\uc.h(286): warning:  #1300-D: Read inherits implicit virtual
.\code\uc.h(287): warning:  #1300-D: RW inherits implicit virtual
.\code\uc.h(288): warning:  #1300-D: GetStatus inherits implicit virtual
.\code\uc.h(289): warning:  #1300-D: TxIsEmpty inherits implicit virtual
.\code\uc.h(290): warning:  #1300-D: Start inherits implicit virtual
.\code\uc.h(300): warning:  #1300-D: SetDataSize inherits implicit virtual
.\code\uc.h(301): warning:  #1300-D: Setfronts inherits implicit virtual
.\code\uc.h(302): warning:  #1300-D: SetDiv inherits implicit virtual
.\code\uc.h(303): warning:  #1300-D: EnableInterrups inherits implicit virtual
.\code\uc.h(304): warning:  #1300-D: DisableInterrups inherits implicit virtual
.\code\uc.h(305): warning:  #1300-D: Enable inherits implicit virtual
.\code\uc.h(306): warning:  #1300-D: Disable inherits implicit virtual
.\code\uc.h(307): warning:  #1300-D: FastWr inherits implicit virtual
.\code\uc.h(308): warning:  #1300-D: FastRd inherits implicit virtual
.\code\uc.h(309): warning:  #1300-D: FastRW inherits implicit virtual
.\code\uc.h(310): warning:  #1300-D: Wait inherits implicit virtual
.\code\uc.h(311): warning:  #1300-D: Write inherits implicit virtual
.\code\uc.h(312): warning:  #1300-D: Read inherits implicit virtual
.\code\uc.h(313): warning:  #1300-D: RW inherits implicit virtual
.\code\uc.h(314): warning:  #1300-D: GetStatus inherits implicit virtual
.\code\uc.h(315): warning:  #1300-D: TxIsEmpty inherits implicit virtual
.\code\uc.h(316): warning:  #1300-D: Start inherits implicit virtual
compiling Buttons.cpp...
.\code\uc.h(274): warning:  #1300-D: SetDataSize inherits implicit virtual
.\code\uc.h(275): warning:  #1300-D: Setfronts inherits implicit virtual
.\code\uc.h(276): warning:  #1300-D: SetDiv inherits implicit virtual
.\code\uc.h(277): warning:  #1300-D: EnableInterrups inherits implicit virtual
.\code\uc.h(278): warning:  #1300-D: DisableInterrups inherits implicit virtual
.\code\uc.h(279): warning:  #1300-D: Enable inherits implicit virtual
.\code\uc.h(280): warning:  #1300-D: Disable inherits implicit virtual
.\code\uc.h(281): warning:  #1300-D: FastWr inherits implicit virtual
.\code\uc.h(282): warning:  #1300-D: FastRd inherits implicit virtual
.\code\uc.h(283): warning:  #1300-D: FastRW inherits implicit virtual
.\code\uc.h(284): warning:  #1300-D: Wait inherits implicit virtual
.\code\uc.h(285): warning:  #1300-D: Write inherits implicit virtual
.\code\uc.h(286): warning:  #1300-D: Read inherits implicit virtual
.\code\uc.h(287): warning:  #1300-D: RW inherits implicit virtual
.\code\uc.h(288): warning:  #1300-D: GetStatus inherits implicit virtual
.\code\uc.h(289): warning:  #1300-D: TxIsEmpty inherits implicit virtual
.\code\uc.h(290): warning:  #1300-D: Start inherits implicit virtual
.\code\uc.h(300): warning:  #1300-D: SetDataSize inherits implicit virtual
.\code\uc.h(301): warning:  #1300-D: Setfronts inherits implicit virtual
.\code\uc.h(302): warning:  #1300-D: SetDiv inherits implicit virtual
.\code\uc.h(303): warning:  #1300-D: EnableInterrups inherits implicit virtual
.\code\uc.h(304): warning:  #1300-D: DisableInterrups inherits implicit virtual
.\code\uc.h(305): warning:  #1300-D: Enable inherits implicit virtual
.\code\uc.h(306): warning:  #1300-D: Disable inherits implicit virtual
.\code\uc.h(307): warning:  #1300-D: FastWr inherits implicit virtual
.\code\uc.h(308): warning:  #1300-D: FastRd inherits implicit virtual
.\code\uc.h(309): warning:  #1300-D: FastRW inherits implicit virtual
.\code\uc.h(310): warning:  #1300-D: Wait inherits implicit virtual
.\code\uc.h(311): warning:  #1300-D: Write inherits implicit virtual
.\code\uc.h(312): warning:  #1300-D: Read inherits implicit virtual
.\code\uc.h(313): warning:  #1300-D: RW inherits implicit virtual
.\code\uc.h(314): warning:  #1300-D: GetStatus inherits implicit virtual
.\code\uc.h(315): warning:  #1300-D: TxIsEmpty inherits implicit virtual
.\code\uc.h(316): warning:  #1300-D: Start inherits implicit virtual
compiling SerialIO.cpp...
.\code\uc.h(274): warning:  #1300-D: SetDataSize inherits implicit virtual
.\code\uc.h(275): warning:  #1300-D: Setfronts inherits implicit virtual
.\code\uc.h(276): warning:  #1300-D: SetDiv inherits implicit virtual
.\code\uc.h(277): warning:  #1300-D: EnableInterrups inherits implicit virtual
.\code\uc.h(278): warning:  #1300-D: DisableInterrups inherits implicit virtual
.\code\uc.h(279): warning:  #1300-D: Enable inherits implicit virtual
.\code\uc.h(280): warning:  #1300-D: Disable inherits implicit virtual
.\code\uc.h(281): warning:  #1300-D: FastWr inherits implicit virtual
.\code\uc.h(282): warning:  #1300-D: FastRd inherits implicit virtual
.\code\uc.h(283): warning:  #1300-D: FastRW inherits implicit virtual
.\code\uc.h(284): warning:  #1300-D: Wait inherits implicit virtual
.\code\uc.h(285): warning:  #1300-D: Write inherits implicit virtual
.\code\uc.h(286): warning:  #1300-D: Read inherits implicit virtual
.\code\uc.h(287): warning:  #1300-D: RW inherits implicit virtual
.\code\uc.h(288): warning:  #1300-D: GetStatus inherits implicit virtual
.\code\uc.h(289): warning:  #1300-D: TxIsEmpty inherits implicit virtual
.\code\uc.h(290): warning:  #1300-D: Start inherits implicit virtual
.\code\uc.h(300): warning:  #1300-D: SetDataSize inherits implicit virtual
.\code\uc.h(301): warning:  #1300-D: Setfronts inherits implicit virtual
.\code\uc.h(302): warning:  #1300-D: SetDiv inherits implicit virtual
.\code\uc.h(303): warning:  #1300-D: EnableInterrups inherits implicit virtual
.\code\uc.h(304): warning:  #1300-D: DisableInterrups inherits implicit virtual
.\code\uc.h(305): warning:  #1300-D: Enable inherits implicit virtual
.\code\uc.h(306): warning:  #1300-D: Disable inherits implicit virtual
.\code\uc.h(307): warning:  #1300-D: FastWr inherits implicit virtual
.\code\uc.h(308): warning:  #1300-D: FastRd inherits implicit virtual
.\code\uc.h(309): warning:  #1300-D: FastRW inherits implicit virtual
.\code\uc.h(310): warning:  #1300-D: Wait inherits implicit virtual
.\code\uc.h(311): warning:  #1300-D: Write inherits implicit virtual
.\code\uc.h(312): warning:  #1300-D: Read inherits implicit virtual
.\code\uc.h(313): warning:  #1300-D: RW inherits implicit virtual
.\code\uc.h(314): warning:  #1300-D: GetStatus inherits implicit virtual
.\code\uc.h(315): warning:  #1300-D: TxIsEmpty inherits implicit virtual
.\code\uc.h(316): warning:  #1300-D: Start inherits implicit virtual
.\code\SSPDevices\SerialIO.h(13): warning:  #1300-D: GetState inherits implicit virtual
.\code\SSPDevices\SerialIO.h(14): warning:  #1300-D: SetState inherits implicit virtual
.\code\SSPDevices\SerialIO.h(99): warning:  #1300-D: BuffWr inherits implicit virtual
.\code\SSPDevices\SerialIO.h(100): warning:  #1300-D: Set inherits implicit virtual
compiling Displays.cpp...
.\code\uc.h(274): warning:  #1300-D: SetDataSize inherits implicit virtual
.\code\uc.h(275): warning:  #1300-D: Setfronts inherits implicit virtual
.\code\uc.h(276): warning:  #1300-D: SetDiv inherits implicit virtual
.\code\uc.h(277): warning:  #1300-D: EnableInterrups inherits implicit virtual
.\code\uc.h(278): warning:  #1300-D: DisableInterrups inherits implicit virtual
.\code\uc.h(279): warning:  #1300-D: Enable inherits implicit virtual
.\code\uc.h(280): warning:  #1300-D: Disable inherits implicit virtual
.\code\uc.h(281): warning:  #1300-D: FastWr inherits implicit virtual
.\code\uc.h(282): warning:  #1300-D: FastRd inherits implicit virtual
.\code\uc.h(283): warning:  #1300-D: FastRW inherits implicit virtual
.\code\uc.h(284): warning:  #1300-D: Wait inherits implicit virtual
.\code\uc.h(285): warning:  #1300-D: Write inherits implicit virtual
.\code\uc.h(286): warning:  #1300-D: Read inherits implicit virtual
.\code\uc.h(287): warning:  #1300-D: RW inherits implicit virtual
.\code\uc.h(288): warning:  #1300-D: GetStatus inherits implicit virtual
.\code\uc.h(289): warning:  #1300-D: TxIsEmpty inherits implicit virtual
.\code\uc.h(290): warning:  #1300-D: Start inherits implicit virtual
.\code\uc.h(300): warning:  #1300-D: SetDataSize inherits implicit virtual
.\code\uc.h(301): warning:  #1300-D: Setfronts inherits implicit virtual
.\code\uc.h(302): warning:  #1300-D: SetDiv inherits implicit virtual
.\code\uc.h(303): warning:  #1300-D: EnableInterrups inherits implicit virtual
.\code\uc.h(304): warning:  #1300-D: DisableInterrups inherits implicit virtual
.\code\uc.h(305): warning:  #1300-D: Enable inherits implicit virtual
.\code\uc.h(306): warning:  #1300-D: Disable inherits implicit virtual
.\code\uc.h(307): warning:  #1300-D: FastWr inherits implicit virtual
.\code\uc.h(308): warning:  #1300-D: FastRd inherits implicit virtual
.\code\uc.h(309): warning:  #1300-D: FastRW inherits implicit virtual
.\code\uc.h(310): warning:  #1300-D: Wait inherits implicit virtual
.\code\uc.h(311): warning:  #1300-D: Write inherits implicit virtual
.\code\uc.h(312): warning:  #1300-D: Read inherits implicit virtual
.\code\uc.h(313): warning:  #1300-D: RW inherits implicit virtual
.\code\uc.h(314): warning:  #1300-D: GetStatus inherits implicit virtual
.\code\uc.h(315): warning:  #1300-D: TxIsEmpty inherits implicit virtual
.\code\uc.h(316): warning:  #1300-D: Start inherits implicit virtual
compiling TMetr.cpp...
.\code\uc.h(274): warning:  #1300-D: SetDataSize inherits implicit virtual
.\code\uc.h(275): warning:  #1300-D: Setfronts inherits implicit virtual
.\code\uc.h(276): warning:  #1300-D: SetDiv inherits implicit virtual
.\code\uc.h(277): warning:  #1300-D: EnableInterrups inherits implicit virtual
.\code\uc.h(278): warning:  #1300-D: DisableInterrups inherits implicit virtual
.\code\uc.h(279): warning:  #1300-D: Enable inherits implicit virtual
.\code\uc.h(280): warning:  #1300-D: Disable inherits implicit virtual
.\code\uc.h(281): warning:  #1300-D: FastWr inherits implicit virtual
.\code\uc.h(282): warning:  #1300-D: FastRd inherits implicit virtual
.\code\uc.h(283): warning:  #1300-D: FastRW inherits implicit virtual
.\code\uc.h(284): warning:  #1300-D: Wait inherits implicit virtual
.\code\uc.h(285): warning:  #1300-D: Write inherits implicit virtual
.\code\uc.h(286): warning:  #1300-D: Read inherits implicit virtual
.\code\uc.h(287): warning:  #1300-D: RW inherits implicit virtual
.\code\uc.h(288): warning:  #1300-D: GetStatus inherits implicit virtual
.\code\uc.h(289): warning:  #1300-D: TxIsEmpty inherits implicit virtual
.\code\uc.h(290): warning:  #1300-D: Start inherits implicit virtual
.\code\uc.h(300): warning:  #1300-D: SetDataSize inherits implicit virtual
.\code\uc.h(301): warning:  #1300-D: Setfronts inherits implicit virtual
.\code\uc.h(302): warning:  #1300-D: SetDiv inherits implicit virtual
.\code\uc.h(303): warning:  #1300-D: EnableInterrups inherits implicit virtual
.\code\uc.h(304): warning:  #1300-D: DisableInterrups inherits implicit virtual
.\code\uc.h(305): warning:  #1300-D: Enable inherits implicit virtual
.\code\uc.h(306): warning:  #1300-D: Disable inherits implicit virtual
.\code\uc.h(307): warning:  #1300-D: FastWr inherits implicit virtual
.\code\uc.h(308): warning:  #1300-D: FastRd inherits implicit virtual
.\code\uc.h(309): warning:  #1300-D: FastRW inherits implicit virtual
.\code\uc.h(310): warning:  #1300-D: Wait inherits implicit virtual
.\code\uc.h(311): warning:  #1300-D: Write inherits implicit virtual
.\code\uc.h(312): warning:  #1300-D: Read inherits implicit virtual
.\code\uc.h(313): warning:  #1300-D: RW inherits implicit virtual
.\code\uc.h(314): warning:  #1300-D: GetStatus inherits implicit virtual
.\code\uc.h(315): warning:  #1300-D: TxIsEmpty inherits implicit virtual
.\code\uc.h(316): warning:  #1300-D: Start inherits implicit virtual
.\code\Temperature\TMetr.h(13): warning:  #1300-D: IntEvent inherits implicit virtual
.\code\Temperature\TMetr.h(14): warning:  #1300-D: GetT inherits implicit virtual
compiling UInterfaces.cpp...
.\code\Encoder\AbstractEncoder.h(12): warning:  #1-D: last line of file ends without a newline
.\code\uc.h(274): warning:  #1300-D: SetDataSize inherits implicit virtual
.\code\uc.h(275): warning:  #1300-D: Setfronts inherits implicit virtual
.\code\uc.h(276): warning:  #1300-D: SetDiv inherits implicit virtual
.\code\uc.h(277): warning:  #1300-D: EnableInterrups inherits implicit virtual
.\code\uc.h(278): warning:  #1300-D: DisableInterrups inherits implicit virtual
.\code\uc.h(279): warning:  #1300-D: Enable inherits implicit virtual
.\code\uc.h(280): warning:  #1300-D: Disable inherits implicit virtual
.\code\uc.h(281): warning:  #1300-D: FastWr inherits implicit virtual
.\code\uc.h(282): warning:  #1300-D: FastRd inherits implicit virtual
.\code\uc.h(283): warning:  #1300-D: FastRW inherits implicit virtual
.\code\uc.h(284): warning:  #1300-D: Wait inherits implicit virtual
.\code\uc.h(285): warning:  #1300-D: Write inherits implicit virtual
.\code\uc.h(286): warning:  #1300-D: Read inherits implicit virtual
.\code\uc.h(287): warning:  #1300-D: RW inherits implicit virtual
.\code\uc.h(288): warning:  #1300-D: GetStatus inherits implicit virtual
.\code\uc.h(289): warning:  #1300-D: TxIsEmpty inherits implicit virtual
.\code\uc.h(290): warning:  #1300-D: Start inherits implicit virtual
.\code\uc.h(300): warning:  #1300-D: SetDataSize inherits implicit virtual
.\code\uc.h(301): warning:  #1300-D: Setfronts inherits implicit virtual
.\code\uc.h(302): warning:  #1300-D: SetDiv inherits implicit virtual
.\code\uc.h(303): warning:  #1300-D: EnableInterrups inherits implicit virtual
.\code\uc.h(304): warning:  #1300-D: DisableInterrups inherits implicit virtual
.\code\uc.h(305): warning:  #1300-D: Enable inherits implicit virtual
.\code\uc.h(306): warning:  #1300-D: Disable inherits implicit virtual
.\code\uc.h(307): warning:  #1300-D: FastWr inherits implicit virtual
.\code\uc.h(308): warning:  #1300-D: FastRd inherits implicit virtual
.\code\uc.h(309): warning:  #1300-D: FastRW inherits implicit virtual
.\code\uc.h(310): warning:  #1300-D: Wait inherits implicit virtual
.\code\uc.h(311): warning:  #1300-D: Write inherits implicit virtual
.\code\uc.h(312): warning:  #1300-D: Read inherits implicit virtual
.\code\uc.h(313): warning:  #1300-D: RW inherits implicit virtual
.\code\uc.h(314): warning:  #1300-D: GetStatus inherits implicit virtual
.\code\uc.h(315): warning:  #1300-D: TxIsEmpty inherits implicit virtual
.\code\uc.h(316): warning:  #1300-D: Start inherits implicit virtual
code\uI\UInterfaces.cpp(239): warning:  #111-D: statement is unreachable
compiling iap.cpp...
linking...
Program Size: Code=39060 RO-data=3452 RW-data=180 ZI-data=12700  
FromELF: creating hex file...
".\obj\..devi" - 0 Errors, 369 Warning(s).
Build target 'device'
*** Error: cannot write Scatter-file '.\obj\..hex\devi.sct'
error - cannot create command input file '.\obj\..hex\devi.lnp'
Target not created
Rebuild target 'device'
*** Error: cannot write Scatter-file '.\obj\..hex\devi.sct'
error - cannot create command input file '.\obj\..hex\devi.lnp'
Target not created
Rebuild target 'device'
assembling Startup.s...
compiling mainFile.cpp...
.\code\Encoder\AbstractEncoder.h(12): warning:  #1-D: last line of file ends without a newline
code\mainFile.cpp(106): warning:  #177-D: variable "curr" was declared but never referenced
code\mainFile.cpp(314): warning:  #1-D: last line of file ends without a newline
compiling Delay.cpp...
compiling uC48.cpp...
.\code\uC.h(274): warning:  #1300-D: SetDataSize inherits implicit virtual
.\code\uC.h(275): warning:  #1300-D: Setfronts inherits implicit virtual
.\code\uC.h(276): warning:  #1300-D: SetDiv inherits implicit virtual
.\code\uC.h(277): warning:  #1300-D: EnableInterrups inherits implicit virtual
.\code\uC.h(278): warning:  #1300-D: DisableInterrups inherits implicit virtual
.\code\uC.h(279): warning:  #1300-D: Enable inherits implicit virtual
.\code\uC.h(280): warning:  #1300-D: Disable inherits implicit virtual
.\code\uC.h(281): warning:  #1300-D: FastWr inherits implicit virtual
.\code\uC.h(282): warning:  #1300-D: FastRd inherits implicit virtual
.\code\uC.h(283): warning:  #1300-D: FastRW inherits implicit virtual
.\code\uC.h(284): warning:  #1300-D: Wait inherits implicit virtual
.\code\uC.h(285): warning:  #1300-D: Write inherits implicit virtual
.\code\uC.h(286): warning:  #1300-D: Read inherits implicit virtual
.\code\uC.h(287): warning:  #1300-D: RW inherits implicit virtual
.\code\uC.h(288): warning:  #1300-D: GetStatus inherits implicit virtual
.\code\uC.h(289): warning:  #1300-D: TxIsEmpty inherits implicit virtual
.\code\uC.h(290): warning:  #1300-D: Start inherits implicit virtual
.\code\uC.h(300): warning:  #1300-D: SetDataSize inherits implicit virtual
.\code\uC.h(301): warning:  #1300-D: Setfronts inherits implicit virtual
.\code\uC.h(302): warning:  #1300-D: SetDiv inherits implicit virtual
.\code\uC.h(303): warning:  #1300-D: EnableInterrups inherits implicit virtual
.\code\uC.h(304): warning:  #1300-D: DisableInterrups inherits implicit virtual
.\code\uC.h(305): warning:  #1300-D: Enable inherits implicit virtual
.\code\uC.h(306): warning:  #1300-D: Disable inherits implicit virtual
.\code\uC.h(307): warning:  #1300-D: FastWr inherits implicit virtual
.\code\uC.h(308): warning:  #1300-D: FastRd inherits implicit virtual
.\code\uC.h(309): warning:  #1300-D: FastRW inherits implicit virtual
.\code\uC.h(310): warning:  #1300-D: Wait inherits implicit virtual
.\code\uC.h(311): warning:  #1300-D: Write inherits implicit virtual
.\code\uC.h(312): warning:  #1300-D: Read inherits implicit virtual
.\code\uC.h(313): warning:  #1300-D: RW inherits implicit virtual
.\code\uC.h(314): warning:  #1300-D: GetStatus inherits implicit virtual
.\code\uC.h(315): warning:  #1300-D: TxIsEmpty inherits implicit virtual
.\code\uC.h(316): warning:  #1300-D: Start inherits implicit virtual
code\uC48.cpp(1040): warning:  #111-D: statement is unreachable
compiling BoardLdCtl4.cpp...
.\code\Encoder\AbstractEncoder.h(12): warning:  #1-D: last line of file ends without a newline
.\code\uc.h(274): warning:  #1300-D: SetDataSize inherits implicit virtual
.\code\uc.h(275): warning:  #1300-D: Setfronts inherits implicit virtual
.\code\uc.h(276): warning:  #1300-D: SetDiv inherits implicit virtual
.\code\uc.h(277): warning:  #1300-D: EnableInterrups inherits implicit virtual
.\code\uc.h(278): warning:  #1300-D: DisableInterrups inherits implicit virtual
.\code\uc.h(279): warning:  #1300-D: Enable inherits implicit virtual
.\code\uc.h(280): warning:  #1300-D: Disable inherits implicit virtual
.\code\uc.h(281): warning:  #1300-D: FastWr inherits implicit virtual
.\code\uc.h(282): warning:  #1300-D: FastRd inherits implicit virtual
.\code\uc.h(283): warning:  #1300-D: FastRW inherits implicit virtual
.\code\uc.h(284): warning:  #1300-D: Wait inherits implicit virtual
.\code\uc.h(285): warning:  #1300-D: Write inherits implicit virtual
.\code\uc.h(286): warning:  #1300-D: Read inherits implicit virtual
.\code\uc.h(287): warning:  #1300-D: RW inherits implicit virtual
.\code\uc.h(288): warning:  #1300-D: GetStatus inherits implicit virtual
.\code\uc.h(289): warning:  #1300-D: TxIsEmpty inherits implicit virtual
.\code\uc.h(290): warning:  #1300-D: Start inherits implicit virtual
.\code\uc.h(300): warning:  #1300-D: SetDataSize inherits implicit virtual
.\code\uc.h(301): warning:  #1300-D: Setfronts inherits implicit virtual
.\code\uc.h(302): warning:  #1300-D: SetDiv inherits implicit virtual
.\code\uc.h(303): warning:  #1300-D: EnableInterrups inherits implicit virtual
.\code\uc.h(304): warning:  #1300-D: DisableInterrups inherits implicit virtual
.\code\uc.h(305): warning:  #1300-D: Enable inherits implicit virtual
.\code\uc.h(306): warning:  #1300-D: Disable inherits implicit virtual
.\code\uc.h(307): warning:  #1300-D: FastWr inherits implicit virtual
.\code\uc.h(308): warning:  #1300-D: FastRd inherits implicit virtual
.\code\uc.h(309): warning:  #1300-D: FastRW inherits implicit virtual
.\code\uc.h(310): warning:  #1300-D: Wait inherits implicit virtual
.\code\uc.h(311): warning:  #1300-D: Write inherits implicit virtual
.\code\uc.h(312): warning:  #1300-D: Read inherits implicit virtual
.\code\uc.h(313): warning:  #1300-D: RW inherits implicit virtual
.\code\uc.h(314): warning:  #1300-D: GetStatus inherits implicit virtual
.\code\uc.h(315): warning:  #1300-D: TxIsEmpty inherits implicit virtual
.\code\uc.h(316): warning:  #1300-D: Start inherits implicit virtual
.\code\Temperature\TMetr.h(13): warning:  #1300-D: IntEvent inherits implicit virtual
.\code\Temperature\TMetr.h(14): warning:  #1300-D: GetT inherits implicit virtual
.\code\SSPDevices\SerialIO.h(13): warning:  #1300-D: GetState inherits implicit virtual
.\code\SSPDevices\SerialIO.h(14): warning:  #1300-D: SetState inherits implicit virtual
.\code\SSPDevices\SerialIO.h(99): warning:  #1300-D: BuffWr inherits implicit virtual
.\code\SSPDevices\SerialIO.h(100): warning:  #1300-D: Set inherits implicit virtual
.\code\UART\UARTs.h(13): warning:  #1300-D: GetMessageSize inherits implicit virtual
.\code\UART\UARTs.h(14): warning:  #1300-D: Update inherits implicit virtual
.\code\UART\UARTs.h(15): warning:  #1300-D: GetMessage inherits implicit virtual
.\code\UART\UARTs.h(16): warning:  #1300-D: SendMessage inherits implicit virtual
code\BoardLdCtl4.cpp(393): warning:  #1300-D: ~HIfc inherits implicit virtual
compiling ExchangeBuffers.cpp...
compiling UARTs.cpp...
.\code\UART\UARTs.h(13): warning:  #1300-D: GetMessageSize inherits implicit virtual
.\code\UART\UARTs.h(14): warning:  #1300-D: Update inherits implicit virtual
.\code\UART\UARTs.h(15): warning:  #1300-D: GetMessage inherits implicit virtual
.\code\UART\UARTs.h(16): warning:  #1300-D: SendMessage inherits implicit virtual
.\code\uc.h(274): warning:  #1300-D: SetDataSize inherits implicit virtual
.\code\uc.h(275): warning:  #1300-D: Setfronts inherits implicit virtual
.\code\uc.h(276): warning:  #1300-D: SetDiv inherits implicit virtual
.\code\uc.h(277): warning:  #1300-D: EnableInterrups inherits implicit virtual
.\code\uc.h(278): warning:  #1300-D: DisableInterrups inherits implicit virtual
.\code\uc.h(279): warning:  #1300-D: Enable inherits implicit virtual
.\code\uc.h(280): warning:  #1300-D: Disable inherits implicit virtual
.\code\uc.h(281): warning:  #1300-D: FastWr inherits implicit virtual
.\code\uc.h(282): warning:  #1300-D: FastRd inherits implicit virtual
.\code\uc.h(283): warning:  #1300-D: FastRW inherits implicit virtual
.\code\uc.h(284): warning:  #1300-D: Wait inherits implicit virtual
.\code\uc.h(285): warning:  #1300-D: Write inherits implicit virtual
.\code\uc.h(286): warning:  #1300-D: Read inherits implicit virtual
.\code\uc.h(287): warning:  #1300-D: RW inherits implicit virtual
.\code\uc.h(288): warning:  #1300-D: GetStatus inherits implicit virtual
.\code\uc.h(289): warning:  #1300-D: TxIsEmpty inherits implicit virtual
.\code\uc.h(290): warning:  #1300-D: Start inherits implicit virtual
.\code\uc.h(300): warning:  #1300-D: SetDataSize inherits implicit virtual
.\code\uc.h(301): warning:  #1300-D: Setfronts inherits implicit virtual
.\code\uc.h(302): warning:  #1300-D: SetDiv inherits implicit virtual
.\code\uc.h(303): warning:  #1300-D: EnableInterrups inherits implicit virtual
.\code\uc.h(304): warning:  #1300-D: DisableInterrups inherits implicit virtual
.\code\uc.h(305): warning:  #1300-D: Enable inherits implicit virtual
.\code\uc.h(306): warning:  #1300-D: Disable inherits implicit virtual
.\code\uc.h(307): warning:  #1300-D: FastWr inherits implicit virtual
.\code\uc.h(308): warning:  #1300-D: FastRd inherits implicit virtual
.\code\uc.h(309): warning:  #1300-D: FastRW inherits implicit virtual
.\code\uc.h(310): warning:  #1300-D: Wait inherits implicit virtual
.\code\uc.h(311): warning:  #1300-D: Write inherits implicit virtual
.\code\uc.h(312): warning:  #1300-D: Read inherits implicit virtual
.\code\uc.h(313): warning:  #1300-D: RW inherits implicit virtual
.\code\uc.h(314): warning:  #1300-D: GetStatus inherits implicit virtual
.\code\uc.h(315): warning:  #1300-D: TxIsEmpty inherits implicit virtual
.\code\uc.h(316): warning:  #1300-D: Start inherits implicit virtual
compiling Encoders.cpp...
.\code\Encoder\AbstractEncoder.h(12): warning:  #1-D: last line of file ends without a newline
.\code\uc.h(274): warning:  #1300-D: SetDataSize inherits implicit virtual
.\code\uc.h(275): warning:  #1300-D: Setfronts inherits implicit virtual
.\code\uc.h(276): warning:  #1300-D: SetDiv inherits implicit virtual
.\code\uc.h(277): warning:  #1300-D: EnableInterrups inherits implicit virtual
.\code\uc.h(278): warning:  #1300-D: DisableInterrups inherits implicit virtual
.\code\uc.h(279): warning:  #1300-D: Enable inherits implicit virtual
.\code\uc.h(280): warning:  #1300-D: Disable inherits implicit virtual
.\code\uc.h(281): warning:  #1300-D: FastWr inherits implicit virtual
.\code\uc.h(282): warning:  #1300-D: FastRd inherits implicit virtual
.\code\uc.h(283): warning:  #1300-D: FastRW inherits implicit virtual
.\code\uc.h(284): warning:  #1300-D: Wait inherits implicit virtual
.\code\uc.h(285): warning:  #1300-D: Write inherits implicit virtual
.\code\uc.h(286): warning:  #1300-D: Read inherits implicit virtual
.\code\uc.h(287): warning:  #1300-D: RW inherits implicit virtual
.\code\uc.h(288): warning:  #1300-D: GetStatus inherits implicit virtual
.\code\uc.h(289): warning:  #1300-D: TxIsEmpty inherits implicit virtual
.\code\uc.h(290): warning:  #1300-D: Start inherits implicit virtual
.\code\uc.h(300): warning:  #1300-D: SetDataSize inherits implicit virtual
.\code\uc.h(301): warning:  #1300-D: Setfronts inherits implicit virtual
.\code\uc.h(302): warning:  #1300-D: SetDiv inherits implicit virtual
.\code\uc.h(303): warning:  #1300-D: EnableInterrups inherits implicit virtual
.\code\uc.h(304): warning:  #1300-D: DisableInterrups inherits implicit virtual
.\code\uc.h(305): warning:  #1300-D: Enable inherits implicit virtual
.\code\uc.h(306): warning:  #1300-D: Disable inherits implicit virtual
.\code\uc.h(307): warning:  #1300-D: FastWr inherits implicit virtual
.\code\uc.h(308): warning:  #1300-D: FastRd inherits implicit virtual
.\code\uc.h(309): warning:  #1300-D: FastRW inherits implicit virtual
.\code\uc.h(310): warning:  #1300-D: Wait inherits implicit virtual
.\code\uc.h(311): warning:  #1300-D: Write inherits implicit virtual
.\code\uc.h(312): warning:  #1300-D: Read inherits implicit virtual
.\code\uc.h(313): warning:  #1300-D: RW inherits implicit virtual
.\code\uc.h(314): warning:  #1300-D: GetStatus inherits implicit virtual
.\code\uc.h(315): warning:  #1300-D: TxIsEmpty inherits implicit virtual
.\code\uc.h(316): warning:  #1300-D: Start inherits implicit virtual
compiling LEDs.cpp...
.\code\uc.h(274): warning:  #1300-D: SetDataSize inherits implicit virtual
.\code\uc.h(275): warning:  #1300-D: Setfronts inherits implicit virtual
.\code\uc.h(276): warning:  #1300-D: SetDiv inherits implicit virtual
.\code\uc.h(277): warning:  #1300-D: EnableInterrups inherits implicit virtual
.\code\uc.h(278): warning:  #1300-D: DisableInterrups inherits implicit virtual
.\code\uc.h(279): warning:  #1300-D: Enable inherits implicit virtual
.\code\uc.h(280): warning:  #1300-D: Disable inherits implicit virtual
.\code\uc.h(281): warning:  #1300-D: FastWr inherits implicit virtual
.\code\uc.h(282): warning:  #1300-D: FastRd inherits implicit virtual
.\code\uc.h(283): warning:  #1300-D: FastRW inherits implicit virtual
.\code\uc.h(284): warning:  #1300-D: Wait inherits implicit virtual
.\code\uc.h(285): warning:  #1300-D: Write inherits implicit virtual
.\code\uc.h(286): warning:  #1300-D: Read inherits implicit virtual
.\code\uc.h(287): warning:  #1300-D: RW inherits implicit virtual
.\code\uc.h(288): warning:  #1300-D: GetStatus inherits implicit virtual
.\code\uc.h(289): warning:  #1300-D: TxIsEmpty inherits implicit virtual
.\code\uc.h(290): warning:  #1300-D: Start inherits implicit virtual
.\code\uc.h(300): warning:  #1300-D: SetDataSize inherits implicit virtual
.\code\uc.h(301): warning:  #1300-D: Setfronts inherits implicit virtual
.\code\uc.h(302): warning:  #1300-D: SetDiv inherits implicit virtual
.\code\uc.h(303): warning:  #1300-D: EnableInterrups inherits implicit virtual
.\code\uc.h(304): warning:  #1300-D: DisableInterrups inherits implicit virtual
.\code\uc.h(305): warning:  #1300-D: Enable inherits implicit virtual
.\code\uc.h(306): warning:  #1300-D: Disable inherits implicit virtual
.\code\uc.h(307): warning:  #1300-D: FastWr inherits implicit virtual
.\code\uc.h(308): warning:  #1300-D: FastRd inherits implicit virtual
.\code\uc.h(309): warning:  #1300-D: FastRW inherits implicit virtual
.\code\uc.h(310): warning:  #1300-D: Wait inherits implicit virtual
.\code\uc.h(311): warning:  #1300-D: Write inherits implicit virtual
.\code\uc.h(312): warning:  #1300-D: Read inherits implicit virtual
.\code\uc.h(313): warning:  #1300-D: RW inherits implicit virtual
.\code\uc.h(314): warning:  #1300-D: GetStatus inherits implicit virtual
.\code\uc.h(315): warning:  #1300-D: TxIsEmpty inherits implicit virtual
.\code\uc.h(316): warning:  #1300-D: Start inherits implicit virtual
compiling Buttons.cpp...
.\code\uc.h(274): warning:  #1300-D: SetDataSize inherits implicit virtual
.\code\uc.h(275): warning:  #1300-D: Setfronts inherits implicit virtual
.\code\uc.h(276): warning:  #1300-D: SetDiv inherits implicit virtual
.\code\uc.h(277): warning:  #1300-D: EnableInterrups inherits implicit virtual
.\code\uc.h(278): warning:  #1300-D: DisableInterrups inherits implicit virtual
.\code\uc.h(279): warning:  #1300-D: Enable inherits implicit virtual
.\code\uc.h(280): warning:  #1300-D: Disable inherits implicit virtual
.\code\uc.h(281): warning:  #1300-D: FastWr inherits implicit virtual
.\code\uc.h(282): warning:  #1300-D: FastRd inherits implicit virtual
.\code\uc.h(283): warning:  #1300-D: FastRW inherits implicit virtual
.\code\uc.h(284): warning:  #1300-D: Wait inherits implicit virtual
.\code\uc.h(285): warning:  #1300-D: Write inherits implicit virtual
.\code\uc.h(286): warning:  #1300-D: Read inherits implicit virtual
.\code\uc.h(287): warning:  #1300-D: RW inherits implicit virtual
.\code\uc.h(288): warning:  #1300-D: GetStatus inherits implicit virtual
.\code\uc.h(289): warning:  #1300-D: TxIsEmpty inherits implicit virtual
.\code\uc.h(290): warning:  #1300-D: Start inherits implicit virtual
.\code\uc.h(300): warning:  #1300-D: SetDataSize inherits implicit virtual
.\code\uc.h(301): warning:  #1300-D: Setfronts inherits implicit virtual
.\code\uc.h(302): warning:  #1300-D: SetDiv inherits implicit virtual
.\code\uc.h(303): warning:  #1300-D: EnableInterrups inherits implicit virtual
.\code\uc.h(304): warning:  #1300-D: DisableInterrups inherits implicit virtual
.\code\uc.h(305): warning:  #1300-D: Enable inherits implicit virtual
.\code\uc.h(306): warning:  #1300-D: Disable inherits implicit virtual
.\code\uc.h(307): warning:  #1300-D: FastWr inherits implicit virtual
.\code\uc.h(308): warning:  #1300-D: FastRd inherits implicit virtual
.\code\uc.h(309): warning:  #1300-D: FastRW inherits implicit virtual
.\code\uc.h(310): warning:  #1300-D: Wait inherits implicit virtual
.\code\uc.h(311): warning:  #1300-D: Write inherits implicit virtual
.\code\uc.h(312): warning:  #1300-D: Read inherits implicit virtual
.\code\uc.h(313): warning:  #1300-D: RW inherits implicit virtual
.\code\uc.h(314): warning:  #1300-D: GetStatus inherits implicit virtual
.\code\uc.h(315): warning:  #1300-D: TxIsEmpty inherits implicit virtual
.\code\uc.h(316): warning:  #1300-D: Start inherits implicit virtual
compiling SerialIO.cpp...
.\code\uc.h(274): warning:  #1300-D: SetDataSize inherits implicit virtual
.\code\uc.h(275): warning:  #1300-D: Setfronts inherits implicit virtual
.\code\uc.h(276): warning:  #1300-D: SetDiv inherits implicit virtual
.\code\uc.h(277): warning:  #1300-D: EnableInterrups inherits implicit virtual
.\code\uc.h(278): warning:  #1300-D: DisableInterrups inherits implicit virtual
.\code\uc.h(279): warning:  #1300-D: Enable inherits implicit virtual
.\code\uc.h(280): warning:  #1300-D: Disable inherits implicit virtual
.\code\uc.h(281): warning:  #1300-D: FastWr inherits implicit virtual
.\code\uc.h(282): warning:  #1300-D: FastRd inherits implicit virtual
.\code\uc.h(283): warning:  #1300-D: FastRW inherits implicit virtual
.\code\uc.h(284): warning:  #1300-D: Wait inherits implicit virtual
.\code\uc.h(285): warning:  #1300-D: Write inherits implicit virtual
.\code\uc.h(286): warning:  #1300-D: Read inherits implicit virtual
.\code\uc.h(287): warning:  #1300-D: RW inherits implicit virtual
.\code\uc.h(288): warning:  #1300-D: GetStatus inherits implicit virtual
.\code\uc.h(289): warning:  #1300-D: TxIsEmpty inherits implicit virtual
.\code\uc.h(290): warning:  #1300-D: Start inherits implicit virtual
.\code\uc.h(300): warning:  #1300-D: SetDataSize inherits implicit virtual
.\code\uc.h(301): warning:  #1300-D: Setfronts inherits implicit virtual
.\code\uc.h(302): warning:  #1300-D: SetDiv inherits implicit virtual
.\code\uc.h(303): warning:  #1300-D: EnableInterrups inherits implicit virtual
.\code\uc.h(304): warning:  #1300-D: DisableInterrups inherits implicit virtual
.\code\uc.h(305): warning:  #1300-D: Enable inherits implicit virtual
.\code\uc.h(306): warning:  #1300-D: Disable inherits implicit virtual
.\code\uc.h(307): warning:  #1300-D: FastWr inherits implicit virtual
.\code\uc.h(308): warning:  #1300-D: FastRd inherits implicit virtual
.\code\uc.h(309): warning:  #1300-D: FastRW inherits implicit virtual
.\code\uc.h(310): warning:  #1300-D: Wait inherits implicit virtual
.\code\uc.h(311): warning:  #1300-D: Write inherits implicit virtual
.\code\uc.h(312): warning:  #1300-D: Read inherits implicit virtual
.\code\uc.h(313): warning:  #1300-D: RW inherits implicit virtual
.\code\uc.h(314): warning:  #1300-D: GetStatus inherits implicit virtual
.\code\uc.h(315): warning:  #1300-D: TxIsEmpty inherits implicit virtual
.\code\uc.h(316): warning:  #1300-D: Start inherits implicit virtual
.\code\SSPDevices\SerialIO.h(13): warning:  #1300-D: GetState inherits implicit virtual
.\code\SSPDevices\SerialIO.h(14): warning:  #1300-D: SetState inherits implicit virtual
.\code\SSPDevices\SerialIO.h(99): warning:  #1300-D: BuffWr inherits implicit virtual
.\code\SSPDevices\SerialIO.h(100): warning:  #1300-D: Set inherits implicit virtual
compiling Displays.cpp...
.\code\uc.h(274): warning:  #1300-D: SetDataSize inherits implicit virtual
.\code\uc.h(275): warning:  #1300-D: Setfronts inherits implicit virtual
.\code\uc.h(276): warning:  #1300-D: SetDiv inherits implicit virtual
.\code\uc.h(277): warning:  #1300-D: EnableInterrups inherits implicit virtual
.\code\uc.h(278): warning:  #1300-D: DisableInterrups inherits implicit virtual
.\code\uc.h(279): warning:  #1300-D: Enable inherits implicit virtual
.\code\uc.h(280): warning:  #1300-D: Disable inherits implicit virtual
.\code\uc.h(281): warning:  #1300-D: FastWr inherits implicit virtual
.\code\uc.h(282): warning:  #1300-D: FastRd inherits implicit virtual
.\code\uc.h(283): warning:  #1300-D: FastRW inherits implicit virtual
.\code\uc.h(284): warning:  #1300-D: Wait inherits implicit virtual
.\code\uc.h(285): warning:  #1300-D: Write inherits implicit virtual
.\code\uc.h(286): warning:  #1300-D: Read inherits implicit virtual
.\code\uc.h(287): warning:  #1300-D: RW inherits implicit virtual
.\code\uc.h(288): warning:  #1300-D: GetStatus inherits implicit virtual
.\code\uc.h(289): warning:  #1300-D: TxIsEmpty inherits implicit virtual
.\code\uc.h(290): warning:  #1300-D: Start inherits implicit virtual
.\code\uc.h(300): warning:  #1300-D: SetDataSize inherits implicit virtual
.\code\uc.h(301): warning:  #1300-D: Setfronts inherits implicit virtual
.\code\uc.h(302): warning:  #1300-D: SetDiv inherits implicit virtual
.\code\uc.h(303): warning:  #1300-D: EnableInterrups inherits implicit virtual
.\code\uc.h(304): warning:  #1300-D: DisableInterrups inherits implicit virtual
.\code\uc.h(305): warning:  #1300-D: Enable inherits implicit virtual
.\code\uc.h(306): warning:  #1300-D: Disable inherits implicit virtual
.\code\uc.h(307): warning:  #1300-D: FastWr inherits implicit virtual
.\code\uc.h(308): warning:  #1300-D: FastRd inherits implicit virtual
.\code\uc.h(309): warning:  #1300-D: FastRW inherits implicit virtual
.\code\uc.h(310): warning:  #1300-D: Wait inherits implicit virtual
.\code\uc.h(311): warning:  #1300-D: Write inherits implicit virtual
.\code\uc.h(312): warning:  #1300-D: Read inherits implicit virtual
.\code\uc.h(313): warning:  #1300-D: RW inherits implicit virtual
.\code\uc.h(314): warning:  #1300-D: GetStatus inherits implicit virtual
.\code\uc.h(315): warning:  #1300-D: TxIsEmpty inherits implicit virtual
.\code\uc.h(316): warning:  #1300-D: Start inherits implicit virtual
compiling TMetr.cpp...
.\code\uc.h(274): warning:  #1300-D: SetDataSize inherits implicit virtual
.\code\uc.h(275): warning:  #1300-D: Setfronts inherits implicit virtual
.\code\uc.h(276): warning:  #1300-D: SetDiv inherits implicit virtual
.\code\uc.h(277): warning:  #1300-D: EnableInterrups inherits implicit virtual
.\code\uc.h(278): warning:  #1300-D: DisableInterrups inherits implicit virtual
.\code\uc.h(279): warning:  #1300-D: Enable inherits implicit virtual
.\code\uc.h(280): warning:  #1300-D: Disable inherits implicit virtual
.\code\uc.h(281): warning:  #1300-D: FastWr inherits implicit virtual
.\code\uc.h(282): warning:  #1300-D: FastRd inherits implicit virtual
.\code\uc.h(283): warning:  #1300-D: FastRW inherits implicit virtual
.\code\uc.h(284): warning:  #1300-D: Wait inherits implicit virtual
.\code\uc.h(285): warning:  #1300-D: Write inherits implicit virtual
.\code\uc.h(286): warning:  #1300-D: Read inherits implicit virtual
.\code\uc.h(287): warning:  #1300-D: RW inherits implicit virtual
.\code\uc.h(288): warning:  #1300-D: GetStatus inherits implicit virtual
.\code\uc.h(289): warning:  #1300-D: TxIsEmpty inherits implicit virtual
.\code\uc.h(290): warning:  #1300-D: Start inherits implicit virtual
.\code\uc.h(300): warning:  #1300-D: SetDataSize inherits implicit virtual
.\code\uc.h(301): warning:  #1300-D: Setfronts inherits implicit virtual
.\code\uc.h(302): warning:  #1300-D: SetDiv inherits implicit virtual
.\code\uc.h(303): warning:  #1300-D: EnableInterrups inherits implicit virtual
.\code\uc.h(304): warning:  #1300-D: DisableInterrups inherits implicit virtual
.\code\uc.h(305): warning:  #1300-D: Enable inherits implicit virtual
.\code\uc.h(306): warning:  #1300-D: Disable inherits implicit virtual
.\code\uc.h(307): warning:  #1300-D: FastWr inherits implicit virtual
.\code\uc.h(308): warning:  #1300-D: FastRd inherits implicit virtual
.\code\uc.h(309): warning:  #1300-D: FastRW inherits implicit virtual
.\code\uc.h(310): warning:  #1300-D: Wait inherits implicit virtual
.\code\uc.h(311): warning:  #1300-D: Write inherits implicit virtual
.\code\uc.h(312): warning:  #1300-D: Read inherits implicit virtual
.\code\uc.h(313): warning:  #1300-D: RW inherits implicit virtual
[...]
.\code\uc.h(282): warning:  #1300-D: FastRd inherits implicit virtual
.\code\uc.h(283): warning:  #1300-D: FastRW inherits implicit virtual
.\code\uc.h(284): warning:  #1300-D: Wait inherits implicit virtual
.\code\uc.h(285): warning:  #1300-D: Write inherits implicit virtual
.\code\uc.h(286): warning:  #1300-D: Read inherits implicit virtual
.\code\uc.h(287): warning:  #1300-D: RW inherits implicit virtual
.\code\uc.h(288): warning:  #1300-D: GetStatus inherits implicit virtual
.\code\uc.h(289): warning:  #1300-D: TxIsEmpty inherits implicit virtual
.\code\uc.h(290): warning:  #1300-D: Start inherits implicit virtual
.\code\uc.h(300): warning:  #1300-D: SetDataSize inherits implicit virtual
.\code\uc.h(301): warning:  #1300-D: Setfronts inherits implicit virtual
.\code\uc.h(302): warning:  #1300-D: SetDiv inherits implicit virtual
.\code\uc.h(303): warning:  #1300-D: EnableInterrups inherits implicit virtual
.\code\uc.h(304): warning:  #1300-D: DisableInterrups inherits implicit virtual
.\code\uc.h(305): warning:  #1300-D: Enable inherits implicit virtual
.\code\uc.h(306): warning:  #1300-D: Disable inherits implicit virtual
.\code\uc.h(307): warning:  #1300-D: FastWr inherits implicit virtual
.\code\uc.h(308): warning:  #1300-D: FastRd inherits implicit virtual
.\code\uc.h(309): warning:  #1300-D: FastRW inherits implicit virtual
.\code\uc.h(310): warning:  #1300-D: Wait inherits implicit virtual
.\code\uc.h(311): warning:  #1300-D: Write inherits implicit virtual
.\code\uc.h(312): warning:  #1300-D: Read inherits implicit virtual
.\code\uc.h(313): warning:  #1300-D: RW inherits implicit virtual
.\code\uc.h(314): warning:  #1300-D: GetStatus inherits implicit virtual
.\code\uc.h(315): warning:  #1300-D: TxIsEmpty inherits implicit virtual
.\code\uc.h(316): warning:  #1300-D: Start inherits implicit virtual
compiling Encoders.cpp...
.\code\Encoder\AbstractEncoder.h(12): warning:  #1-D: last line of file ends without a newline
.\code\uc.h(274): warning:  #1300-D: SetDataSize inherits implicit virtual
.\code\uc.h(275): warning:  #1300-D: Setfronts inherits implicit virtual
.\code\uc.h(276): warning:  #1300-D: SetDiv inherits implicit virtual
.\code\uc.h(277): warning:  #1300-D: EnableInterrups inherits implicit virtual
.\code\uc.h(278): warning:  #1300-D: DisableInterrups inherits implicit virtual
.\code\uc.h(279): warning:  #1300-D: Enable inherits implicit virtual
.\code\uc.h(280): warning:  #1300-D: Disable inherits implicit virtual
.\code\uc.h(281): warning:  #1300-D: FastWr inherits implicit virtual
.\code\uc.h(282): warning:  #1300-D: FastRd inherits implicit virtual
.\code\uc.h(283): warning:  #1300-D: FastRW inherits implicit virtual
.\code\uc.h(284): warning:  #1300-D: Wait inherits implicit virtual
.\code\uc.h(285): warning:  #1300-D: Write inherits implicit virtual
.\code\uc.h(286): warning:  #1300-D: Read inherits implicit virtual
.\code\uc.h(287): warning:  #1300-D: RW inherits implicit virtual
.\code\uc.h(288): warning:  #1300-D: GetStatus inherits implicit virtual
.\code\uc.h(289): warning:  #1300-D: TxIsEmpty inherits implicit virtual
.\code\uc.h(290): warning:  #1300-D: Start inherits implicit virtual
.\code\uc.h(300): warning:  #1300-D: SetDataSize inherits implicit virtual
.\code\uc.h(301): warning:  #1300-D: Setfronts inherits implicit virtual
.\code\uc.h(302): warning:  #1300-D: SetDiv inherits implicit virtual
.\code\uc.h(303): warning:  #1300-D: EnableInterrups inherits implicit virtual
.\code\uc.h(304): warning:  #1300-D: DisableInterrups inherits implicit virtual
.\code\uc.h(305): warning:  #1300-D: Enable inherits implicit virtual
.\code\uc.h(306): warning:  #1300-D: Disable inherits implicit virtual
.\code\uc.h(307): warning:  #1300-D: FastWr inherits implicit virtual
.\code\uc.h(308): warning:  #1300-D: FastRd inherits implicit virtual
.\code\uc.h(309): warning:  #1300-D: FastRW inherits implicit virtual
.\code\uc.h(310): warning:  #1300-D: Wait inherits implicit virtual
.\code\uc.h(311): warning:  #1300-D: Write inherits implicit virtual
.\code\uc.h(312): warning:  #1300-D: Read inherits implicit virtual
.\code\uc.h(313): warning:  #1300-D: RW inherits implicit virtual
.\code\uc.h(314): warning:  #1300-D: GetStatus inherits implicit virtual
.\code\uc.h(315): warning:  #1300-D: TxIsEmpty inherits implicit virtual
.\code\uc.h(316): warning:  #1300-D: Start inherits implicit virtual
compiling LEDs.cpp...
.\code\uc.h(274): warning:  #1300-D: SetDataSize inherits implicit virtual
.\code\uc.h(275): warning:  #1300-D: Setfronts inherits implicit virtual
.\code\uc.h(276): warning:  #1300-D: SetDiv inherits implicit virtual
.\code\uc.h(277): warning:  #1300-D: EnableInterrups inherits implicit virtual
.\code\uc.h(278): warning:  #1300-D: DisableInterrups inherits implicit virtual
.\code\uc.h(279): warning:  #1300-D: Enable inherits implicit virtual
.\code\uc.h(280): warning:  #1300-D: Disable inherits implicit virtual
.\code\uc.h(281): warning:  #1300-D: FastWr inherits implicit virtual
.\code\uc.h(282): warning:  #1300-D: FastRd inherits implicit virtual
.\code\uc.h(283): warning:  #1300-D: FastRW inherits implicit virtual
.\code\uc.h(284): warning:  #1300-D: Wait inherits implicit virtual
.\code\uc.h(285): warning:  #1300-D: Write inherits implicit virtual
.\code\uc.h(286): warning:  #1300-D: Read inherits implicit virtual
.\code\uc.h(287): warning:  #1300-D: RW inherits implicit virtual
.\code\uc.h(288): warning:  #1300-D: GetStatus inherits implicit virtual
.\code\uc.h(289): warning:  #1300-D: TxIsEmpty inherits implicit virtual
.\code\uc.h(290): warning:  #1300-D: Start inherits implicit virtual
.\code\uc.h(300): warning:  #1300-D: SetDataSize inherits implicit virtual
.\code\uc.h(301): warning:  #1300-D: Setfronts inherits implicit virtual
.\code\uc.h(302): warning:  #1300-D: SetDiv inherits implicit virtual
.\code\uc.h(303): warning:  #1300-D: EnableInterrups inherits implicit virtual
.\code\uc.h(304): warning:  #1300-D: DisableInterrups inherits implicit virtual
.\code\uc.h(305): warning:  #1300-D: Enable inherits implicit virtual
.\code\uc.h(306): warning:  #1300-D: Disable inherits implicit virtual
.\code\uc.h(307): warning:  #1300-D: FastWr inherits implicit virtual
.\code\uc.h(308): warning:  #1300-D: FastRd inherits implicit virtual
.\code\uc.h(309): warning:  #1300-D: FastRW inherits implicit virtual
.\code\uc.h(310): warning:  #1300-D: Wait inherits implicit virtual
.\code\uc.h(311): warning:  #1300-D: Write inherits implicit virtual
.\code\uc.h(312): warning:  #1300-D: Read inherits implicit virtual
.\code\uc.h(313): warning:  #1300-D: RW inherits implicit virtual
.\code\uc.h(314): warning:  #1300-D: GetStatus inherits implicit virtual
.\code\uc.h(315): warning:  #1300-D: TxIsEmpty inherits implicit virtual
.\code\uc.h(316): warning:  #1300-D: Start inherits implicit virtual
compiling Buttons.cpp...
.\code\uc.h(274): warning:  #1300-D: SetDataSize inherits implicit virtual
.\code\uc.h(275): warning:  #1300-D: Setfronts inherits implicit virtual
.\code\uc.h(276): warning:  #1300-D: SetDiv inherits implicit virtual
.\code\uc.h(277): warning:  #1300-D: EnableInterrups inherits implicit virtual
.\code\uc.h(278): warning:  #1300-D: DisableInterrups inherits implicit virtual
.\code\uc.h(279): warning:  #1300-D: Enable inherits implicit virtual
.\code\uc.h(280): warning:  #1300-D: Disable inherits implicit virtual
.\code\uc.h(281): warning:  #1300-D: FastWr inherits implicit virtual
.\code\uc.h(282): warning:  #1300-D: FastRd inherits implicit virtual
.\code\uc.h(283): warning:  #1300-D: FastRW inherits implicit virtual
.\code\uc.h(284): warning:  #1300-D: Wait inherits implicit virtual
.\code\uc.h(285): warning:  #1300-D: Write inherits implicit virtual
.\code\uc.h(286): warning:  #1300-D: Read inherits implicit virtual
.\code\uc.h(287): warning:  #1300-D: RW inherits implicit virtual
.\code\uc.h(288): warning:  #1300-D: GetStatus inherits implicit virtual
.\code\uc.h(289): warning:  #1300-D: TxIsEmpty inherits implicit virtual
.\code\uc.h(290): warning:  #1300-D: Start inherits implicit virtual
.\code\uc.h(300): warning:  #1300-D: SetDataSize inherits implicit virtual
.\code\uc.h(301): warning:  #1300-D: Setfronts inherits implicit virtual
.\code\uc.h(302): warning:  #1300-D: SetDiv inherits implicit virtual
.\code\uc.h(303): warning:  #1300-D: EnableInterrups inherits implicit virtual
.\code\uc.h(304): warning:  #1300-D: DisableInterrups inherits implicit virtual
.\code\uc.h(305): warning:  #1300-D: Enable inherits implicit virtual
.\code\uc.h(306): warning:  #1300-D: Disable inherits implicit virtual
.\code\uc.h(307): warning:  #1300-D: FastWr inherits implicit virtual
.\code\uc.h(308): warning:  #1300-D: FastRd inherits implicit virtual
.\code\uc.h(309): warning:  #1300-D: FastRW inherits implicit virtual
.\code\uc.h(310): warning:  #1300-D: Wait inherits implicit virtual
.\code\uc.h(311): warning:  #1300-D: Write inherits implicit virtual
.\code\uc.h(312): warning:  #1300-D: Read inherits implicit virtual
.\code\uc.h(313): warning:  #1300-D: RW inherits implicit virtual
.\code\uc.h(314): warning:  #1300-D: GetStatus inherits implicit virtual
.\code\uc.h(315): warning:  #1300-D: TxIsEmpty inherits implicit virtual
.\code\uc.h(316): warning:  #1300-D: Start inherits implicit virtual
compiling SerialIO.cpp...
.\code\uc.h(274): warning:  #1300-D: SetDataSize inherits implicit virtual
.\code\uc.h(275): warning:  #1300-D: Setfronts inherits implicit virtual
.\code\uc.h(276): warning:  #1300-D: SetDiv inherits implicit virtual
.\code\uc.h(277): warning:  #1300-D: EnableInterrups inherits implicit virtual
.\code\uc.h(278): warning:  #1300-D: DisableInterrups inherits implicit virtual
.\code\uc.h(279): warning:  #1300-D: Enable inherits implicit virtual
.\code\uc.h(280): warning:  #1300-D: Disable inherits implicit virtual
.\code\uc.h(281): warning:  #1300-D: FastWr inherits implicit virtual
.\code\uc.h(282): warning:  #1300-D: FastRd inherits implicit virtual
.\code\uc.h(283): warning:  #1300-D: FastRW inherits implicit virtual
.\code\uc.h(284): warning:  #1300-D: Wait inherits implicit virtual
.\code\uc.h(285): warning:  #1300-D: Write inherits implicit virtual
.\code\uc.h(286): warning:  #1300-D: Read inherits implicit virtual
.\code\uc.h(287): warning:  #1300-D: RW inherits implicit virtual
.\code\uc.h(288): warning:  #1300-D: GetStatus inherits implicit virtual
.\code\uc.h(289): warning:  #1300-D: TxIsEmpty inherits implicit virtual
.\code\uc.h(290): warning:  #1300-D: Start inherits implicit virtual
.\code\uc.h(300): warning:  #1300-D: SetDataSize inherits implicit virtual
.\code\uc.h(301): warning:  #1300-D: Setfronts inherits implicit virtual
.\code\uc.h(302): warning:  #1300-D: SetDiv inherits implicit virtual
.\code\uc.h(303): warning:  #1300-D: EnableInterrups inherits implicit virtual
.\code\uc.h(304): warning:  #1300-D: DisableInterrups inherits implicit virtual
.\code\uc.h(305): warning:  #1300-D: Enable inherits implicit virtual
.\code\uc.h(306): warning:  #1300-D: Disable inherits implicit virtual
.\code\uc.h(307): warning:  #1300-D: FastWr inherits implicit virtual
.\code\uc.h(308): warning:  #1300-D: FastRd inherits implicit virtual
.\code\uc.h(309): warning:  #1300-D: FastRW inherits implicit virtual
.\code\uc.h(310): warning:  #1300-D: Wait inherits implicit virtual
.\code\uc.h(311): warning:  #1300-D: Write inherits implicit virtual
.\code\uc.h(312): warning:  #1300-D: Read inherits implicit virtual
.\code\uc.h(313): warning:  #1300-D: RW inherits implicit virtual
.\code\uc.h(314): warning:  #1300-D: GetStatus inherits implicit virtual
.\code\uc.h(315): warning:  #1300-D: TxIsEmpty inherits implicit virtual
.\code\uc.h(316): warning:  #1300-D: Start inherits implicit virtual
.\code\SSPDevices\SerialIO.h(13): warning:  #1300-D: GetState inherits implicit virtual
.\code\SSPDevices\SerialIO.h(14): warning:  #1300-D: SetState inherits implicit virtual
.\code\SSPDevices\SerialIO.h(99): warning:  #1300-D: BuffWr inherits implicit virtual
.\code\SSPDevices\SerialIO.h(100): warning:  #1300-D: Set inherits implicit virtual
compiling Displays.cpp...
.\code\uc.h(274): warning:  #1300-D: SetDataSize inherits implicit virtual
.\code\uc.h(275): warning:  #1300-D: Setfronts inherits implicit virtual
.\code\uc.h(276): warning:  #1300-D: SetDiv inherits implicit virtual
.\code\uc.h(277): warning:  #1300-D: EnableInterrups inherits implicit virtual
.\code\uc.h(278): warning:  #1300-D: DisableInterrups inherits implicit virtual
.\code\uc.h(279): warning:  #1300-D: Enable inherits implicit virtual
.\code\uc.h(280): warning:  #1300-D: Disable inherits implicit virtual
.\code\uc.h(281): warning:  #1300-D: FastWr inherits implicit virtual
.\code\uc.h(282): warning:  #1300-D: FastRd inherits implicit virtual
.\code\uc.h(283): warning:  #1300-D: FastRW inherits implicit virtual
.\code\uc.h(284): warning:  #1300-D: Wait inherits implicit virtual
.\code\uc.h(285): warning:  #1300-D: Write inherits implicit virtual
.\code\uc.h(286): warning:  #1300-D: Read inherits implicit virtual
.\code\uc.h(287): warning:  #1300-D: RW inherits implicit virtual
.\code\uc.h(288): warning:  #1300-D: GetStatus inherits implicit virtual
.\code\uc.h(289): warning:  #1300-D: TxIsEmpty inherits implicit virtual
.\code\uc.h(290): warning:  #1300-D: Start inherits implicit virtual
.\code\uc.h(300): warning:  #1300-D: SetDataSize inherits implicit virtual
.\code\uc.h(301): warning:  #1300-D: Setfronts inherits implicit virtual
.\code\uc.h(302): warning:  #1300-D: SetDiv inherits implicit virtual
.\code\uc.h(303): warning:  #1300-D: EnableInterrups inherits implicit virtual
.\code\uc.h(304): warning:  #1300-D: DisableInterrups inherits implicit virtual
.\code\uc.h(305): warning:  #1300-D: Enable inherits implicit virtual
.\code\uc.h(306): warning:  #1300-D: Disable inherits implicit virtual
.\code\uc.h(307): warning:  #1300-D: FastWr inherits implicit virtual
.\code\uc.h(308): warning:  #1300-D: FastRd inherits implicit virtual
.\code\uc.h(309): warning:  #1300-D: FastRW inherits implicit virtual
.\code\uc.h(310): warning:  #1300-D: Wait inherits implicit virtual
.\code\uc.h(311): warning:  #1300-D: Write inherits implicit virtual
.\code\uc.h(312): warning:  #1300-D: Read inherits implicit virtual
.\code\uc.h(313): warning:  #1300-D: RW inherits implicit virtual
.\code\uc.h(314): warning:  #1300-D: GetStatus inherits implicit virtual
.\code\uc.h(315): warning:  #1300-D: TxIsEmpty inherits implicit virtual
.\code\uc.h(316): warning:  #1300-D: Start inherits implicit virtual
compiling TMetr.cpp...
.\code\uc.h(274): warning:  #1300-D: SetDataSize inherits implicit virtual
.\code\uc.h(275): warning:  #1300-D: Setfronts inherits implicit virtual
.\code\uc.h(276): warning:  #1300-D: SetDiv inherits implicit virtual
.\code\uc.h(277): warning:  #1300-D: EnableInterrups inherits implicit virtual
.\code\uc.h(278): warning:  #1300-D: DisableInterrups inherits implicit virtual
.\code\uc.h(279): warning:  #1300-D: Enable inherits implicit virtual
.\code\uc.h(280): warning:  #1300-D: Disable inherits implicit virtual
.\code\uc.h(281): warning:  #1300-D: FastWr inherits implicit virtual
.\code\uc.h(282): warning:  #1300-D: FastRd inherits implicit virtual
.\code\uc.h(283): warning:  #1300-D: FastRW inherits implicit virtual
.\code\uc.h(284): warning:  #1300-D: Wait inherits implicit virtual
.\code\uc.h(285): warning:  #1300-D: Write inherits implicit virtual
.\code\uc.h(286): warning:  #1300-D: Read inherits implicit virtual
.\code\uc.h(287): warning:  #1300-D: RW inherits implicit virtual
.\code\uc.h(288): warning:  #1300-D: GetStatus inherits implicit virtual
.\code\uc.h(289): warning:  #1300-D: TxIsEmpty inherits implicit virtual
.\code\uc.h(290): warning:  #1300-D: Start inherits implicit virtual
.\code\uc.h(300): warning:  #1300-D: SetDataSize inherits implicit virtual
.\code\uc.h(301): warning:  #1300-D: Setfronts inherits implicit virtual
.\code\uc.h(302): warning:  #1300-D: SetDiv inherits implicit virtual
.\code\uc.h(303): warning:  #1300-D: EnableInterrups inherits implicit virtual
.\code\uc.h(304): warning:  #1300-D: DisableInterrups inherits implicit virtual
.\code\uc.h(305): warning:  #1300-D: Enable inherits implicit virtual
.\code\uc.h(306): warning:  #1300-D: Disable inherits implicit virtual
.\code\uc.h(307): warning:  #1300-D: FastWr inherits implicit virtual
.\code\uc.h(308): warning:  #1300-D: FastRd inherits implicit virtual
.\code\uc.h(309): warning:  #1300-D: FastRW inherits implicit virtual
.\code\uc.h(310): warning:  #1300-D: Wait inherits implicit virtual
.\code\uc.h(311): warning:  #1300-D: Write inherits implicit virtual
.\code\uc.h(312): warning:  #1300-D: Read inherits implicit virtual
.\code\uc.h(313): warning:  #1300-D: RW inherits implicit virtual
.\code\uc.h(314): warning:  #1300-D: GetStatus inherits implicit virtual
.\code\uc.h(315): warning:  #1300-D: TxIsEmpty inherits implicit virtual
.\code\uc.h(316): warning:  #1300-D: Start inherits implicit virtual
.\code\Temperature\TMetr.h(13): warning:  #1300-D: IntEvent inherits implicit virtual
.\code\Temperature\TMetr.h(14): warning:  #1300-D: GetT inherits implicit virtual
compiling UInterfaces.cpp...
.\code\Encoder\AbstractEncoder.h(12): warning:  #1-D: last line of file ends without a newline
.\code\uc.h(274): warning:  #1300-D: SetDataSize inherits implicit virtual
.\code\uc.h(275): warning:  #1300-D: Setfronts inherits implicit virtual
.\code\uc.h(276): warning:  #1300-D: SetDiv inherits implicit virtual
.\code\uc.h(277): warning:  #1300-D: EnableInterrups inherits implicit virtual
.\code\uc.h(278): warning:  #1300-D: DisableInterrups inherits implicit virtual
.\code\uc.h(279): warning:  #1300-D: Enable inherits implicit virtual
.\code\uc.h(280): warning:  #1300-D: Disable inherits implicit virtual
.\code\uc.h(281): warning:  #1300-D: FastWr inherits implicit virtual
.\code\uc.h(282): warning:  #1300-D: FastRd inherits implicit virtual
.\code\uc.h(283): warning:  #1300-D: FastRW inherits implicit virtual
.\code\uc.h(284): warning:  #1300-D: Wait inherits implicit virtual
.\code\uc.h(285): warning:  #1300-D: Write inherits implicit virtual
.\code\uc.h(286): warning:  #1300-D: Read inherits implicit virtual
.\code\uc.h(287): warning:  #1300-D: RW inherits implicit virtual
.\code\uc.h(288): warning:  #1300-D: GetStatus inherits implicit virtual
.\code\uc.h(289): warning:  #1300-D: TxIsEmpty inherits implicit virtual
.\code\uc.h(290): warning:  #1300-D: Start inherits implicit virtual
.\code\uc.h(300): warning:  #1300-D: SetDataSize inherits implicit virtual
.\code\uc.h(301): warning:  #1300-D: Setfronts inherits implicit virtual
.\code\uc.h(302): warning:  #1300-D: SetDiv inherits implicit virtual
.\code\uc.h(303): warning:  #1300-D: EnableInterrups inherits implicit virtual
.\code\uc.h(304): warning:  #1300-D: DisableInterrups inherits implicit virtual
.\code\uc.h(305): warning:  #1300-D: Enable inherits implicit virtual
.\code\uc.h(306): warning:  #1300-D: Disable inherits implicit virtual
.\code\uc.h(307): warning:  #1300-D: FastWr inherits implicit virtual
.\code\uc.h(308): warning:  #1300-D: FastRd inherits implicit virtual
.\code\uc.h(309): warning:  #1300-D: FastRW inherits implicit virtual
.\code\uc.h(310): warning:  #1300-D: Wait inherits implicit virtual
.\code\uc.h(311): warning:  #1300-D: Write inherits implicit virtual
.\code\uc.h(312): warning:  #1300-D: Read inherits implicit virtual
.\code\uc.h(313): warning:  #1300-D: RW inherits implicit virtual
.\code\uc.h(314): warning:  #1300-D: GetStatus inherits implicit virtual
.\code\uc.h(315): warning:  #1300-D: TxIsEmpty inherits implicit virtual
.\code\uc.h(316): warning:  #1300-D: Start inherits implicit virtual
code\uI\UInterfaces.cpp(239): warning:  #111-D: statement is unreachable
compiling iap.cpp...
linking...
Program Size: Code=39060 RO-data=3452 RW-data=180 ZI-data=12700  
FromELF: creating hex file...
".\obj\..\hex\devi.axf" - 0 Errors, 369 Warning(s).
