<html>
<body>
<pre>
<h1>µVision Build Log</h1>
<h2>Project:</h2>
D:\d2\www\2013Proj\current\0003_02_06_14\a29_ifc_ia9999\devi.uvproj
Project File Date:  07/30/2013

<h2>Output:</h2>
Rebuild target 'device'
assembling Startup.s...
compiling mainFile.cpp...
code\mainFile.cpp(232): warning:  #550-D: variable "startFlPrev" was set but never used
compiling Delay.cpp...
compiling uC.cpp...
compiling BoardLdCtl4.cpp...
compiling Encoders.cpp...
compiling LEDs.cpp...
compiling Buttons.cpp...
compiling SerialIO.cpp...
compiling Displays.cpp...
compiling TMetr.cpp...
compiling UInterfaces.cpp...
compiling iap.cpp...
compiling Converters.cpp...
linking...
Program Size: Code=49896 RO-data=3576 RW-data=180 ZI-data=12564  
FromELF: creating hex file...
".\obj\..\hex\devi.axf" - 0 Errors, 1 Warning(s).
